<html>
<body>
<pre>
<h1>µVision Build Log</h1>
<h2>Tool Versions:</h2>
IDE-Version: ¦ÌVision V5.18.0.0
Copyright (C) 2016 ARM Ltd and ARM Germany GmbH. All rights reserved.
License Information: zhu pingqi, jcyx, LIC=BUUUH-WESS2-KPBZY-I5R23-RC7L3-HMJMV
 
Tool Versions:
Toolchain:       MDK-ARM Standard  Version: 5.18
Toolchain Path:  D:\Program Files\Keil_v5\ARM\ARMCC\Bin
C Compiler:      Armcc.exe V5.06 update 1 (build 61)
Assembler:       Armasm.exe V5.06 update 1 (build 61)
Linker/Locator:  ArmLink.exe V5.06 update 1 (build 61)
Library Manager: ArmAr.exe V5.06 update 1 (build 61)
Hex Converter:   FromElf.exe V5.06 update 1 (build 61)
CPU DLL:         SARMCM3.DLL V5.18
Dialog DLL:      DCM.DLL V1.13.6.0
Target DLL:      Segger\JL2CM3.dll V2.99.18.0
Dialog DLL:      TCM.DLL V1.14.8.0
 
<h2>Project:</h2>
E:\Cloud\stm32\SmartBedAli\MDK-ARM\SmartBedAli.uvprojx
Project File Date:  06/19/2020

<h2>Output:</h2>
*** Using Compiler 'V5.06 update 1 (build 61)', folder: 'D:\Program Files\Keil_v5\ARM\ARMCC\Bin'
Build target 'SmartBedAli'
assembling startup_stm32f405xx.s...
compiling gpio.c...
compiling w25qxx.c...
compiling ble.c...
compiling main.c...
compiling ld3320.c...
compiling smartbed.c...
..\Src\smartbed.c(164): warning:  #188-D: enumerated type mixed with another type
  		HAL_GPIO_WritePin(
PIOA,
OTOR_MOSI_Pin,bit);
..\Src\smartbed.c(35): warning:  #177-D: variable "product_secret" was declared but never referenced
  static char product_secret[16] = "xxx";
..\Src\smartbed.c(36): warning:  #177-D: variable "device_name" was declared but never referenced
  static char device_name[20] = "xxx";
..\Src\smartbed.c(37): warning:  #177-D: variable "device_secret" was declared but never referenced
  static char device_secret[32] = "xxx";
..\Src\smartbed.c(38): warning:  #177-D: variable "sleep_time" was declared but never referenced
  static uint16_t sleep_time = NULL;
..\Src\smartbed.c(39): warning:  #177-D: variable "sensitivity" was declared but never referenced
  static uint8_t sensitivity = 0;
..\Src\smartbed.c(40): warning:  #177-D: variable "alarm" was declared but never referenced
  static uint16_t alarm = 0;
..\Src\smartbed.c(41): warning:  #177-D: variable "alarm_clock" was declared but never referenced
  static uint16_t alarm_clock = 0;
..\Src\smartbed.c(47): warning:  #550-D: variable "action_mutex" was set but never used
  static void* action_mutex;
..\Src\smartbed.c: 10 warnings, 0 errors
compiling emw3080.c...
compiling dma.c...
compiling spi.c...
compiling at_api.c...
compiling stm32f4xx_hal_msp.c...
compiling at_parser.c...
..\Src\LinkKit\atm\at_parser.c(233): warning:  #188-D: enumerated type mixed with another type
      hal_os_thread_param_t task_parms = {0};
..\Src\LinkKit\atm\at_parser.c(952): warning:  #111-D: statement is unreachable
      return NULL;
..\Src\LinkKit\atm\at_parser.c: 2 warnings, 0 errors
compiling stm32f4xx_hal_timebase_tim.c...
compiling freertos.c...
../Src/freertos.c(134): warning:  #223-D: function "bed_action_task" declared implicitly
    bed_action_task();
../Src/freertos.c: 1 warning, 0 errors
compiling usart.c...
compiling stm32f4xx_it.c...
compiling system_stm32f4xx.c...
compiling stm32f4xx_hal_rcc_ex.c...
compiling stm32f4xx_hal_flash_ramfunc.c...
compiling stm32f4xx_hal_flash_ex.c...
compiling stm32f4xx_hal_flash.c...
compiling wrapper.c...
compiling stm32f4xx_hal_rcc.c...
compiling stm32f4xx_hal_cortex.c...
compiling stm32f4xx_hal_pwr_ex.c...
compiling stm32f4xx_hal_pwr.c...
compiling stm32f4xx_hal_gpio.c...
compiling stm32f4xx_hal.c...
compiling stm32f4xx_hal_dma.c...
compiling croutine.c...
compiling event_groups.c...
compiling stm32f4xx_hal_dma_ex.c...
compiling list.c...
compiling stream_buffer.c...
compiling queue.c...
compiling timers.c...
compiling tasks.c...
compiling heap_4.c...
compiling cmsis_os.c...
compiling jansson_config.c...
compiling port.c...
compiling stm32f4xx_hal_exti.c...
compiling stm32f4xx_hal_tim.c...
compiling stm32f4xx_hal_uart.c...
compiling stm32f4xx_hal_tim_ex.c...
compiling stm32f4xx_hal_spi.c...
linking...
Program Size: Code=45764 RO-data=896 RW-data=364 ZI-data=24724  
FromELF: creating hex file...
"SmartBedAli\SmartBedAli.axf" - 0 Error(s), 12 Warning(s).

<h2>Software Packages used:</h2>

Package Vendor: ARM
                http://www.keil.com/pack/ARM.CMSIS.5.6.0.pack
                ARM::CMSIS:CORE:5.3.0
                CMSIS (Cortex Microcontroller Software Interface Standard)
   * Component: CORE Version: 5.3.0

Package Vendor: Keil
                http://www.keil.com/pack/Keil.Jansson.1.0.0.pack
                Keil::Data Exchange:JSON:Jansson:2.7.0
                Jansson is a C library for encoding, decoding and manipulating JSON data
   * Component: Jansson Version: 2.7.0

<h2>Collection of Component include folders:</h2>
  E:\Cloud\stm32\SmartBedAli\MDK-ARM\RTE
  D:\Program Files\Keil_v5\ARM\PACK\ARM\CMSIS\5.6.0\CMSIS\Core\Include
  D:\Program Files\Keil_v5\ARM\PACK\Keil\Jansson\1.0.0\src
  D:\Program Files\Keil_v5\ARM\PACK\Keil\STM32F4xx_DFP\2.14.0\Drivers\CMSIS\Device\ST\STM32F4xx\Include

<h2>Collection of Component Files used:</h2>

   * Component: ARM::CMSIS:CORE:5.3.0

   * Component: Keil::Data Exchange:JSON:Jansson:2.7.0
      Library file:  lib\jansson_CM3LE.lib
      Source file:   src\jansson_config.c
      Include file:  src\jansson.h
Build Time Elapsed:  00:00:53
</pre>
</body>
</html>
