Component: ARM Compiler 5.06 update 1 (build 61) Tool: armlink [4d35a8]

==============================================================================

Section Cross References

    startup_stm32f405xx.o(RESET) refers to startup_stm32f405xx.o(STACK) for __initial_sp
    startup_stm32f405xx.o(RESET) refers to startup_stm32f405xx.o(.text) for Reset_Handler
    startup_stm32f405xx.o(RESET) refers to stm32f4xx_it.o(i.NMI_Handler) for NMI_Handler
    startup_stm32f405xx.o(RESET) refers to stm32f4xx_it.o(i.HardFault_Handler) for HardFault_Handler
    startup_stm32f405xx.o(RESET) refers to stm32f4xx_it.o(i.MemManage_Handler) for MemManage_Handler
    startup_stm32f405xx.o(RESET) refers to stm32f4xx_it.o(i.BusFault_Handler) for BusFault_Handler
    startup_stm32f405xx.o(RESET) refers to stm32f4xx_it.o(i.UsageFault_Handler) for UsageFault_Handler
    startup_stm32f405xx.o(RESET) refers to port.o(.emb_text) for SVC_Handler
    startup_stm32f405xx.o(RESET) refers to stm32f4xx_it.o(i.DebugMon_Handler) for DebugMon_Handler
    startup_stm32f405xx.o(RESET) refers to port.o(i.SysTick_Handler) for SysTick_Handler
    startup_stm32f405xx.o(RESET) refers to stm32f4xx_it.o(i.DMA1_Stream5_IRQHandler) for DMA1_Stream5_IRQHandler
    startup_stm32f405xx.o(RESET) refers to stm32f4xx_it.o(i.DMA1_Stream6_IRQHandler) for DMA1_Stream6_IRQHandler
    startup_stm32f405xx.o(RESET) refers to stm32f4xx_it.o(i.TIM1_UP_TIM10_IRQHandler) for TIM1_UP_TIM10_IRQHandler
    startup_stm32f405xx.o(RESET) refers to stm32f4xx_it.o(i.DMA2_Stream1_IRQHandler) for DMA2_Stream1_IRQHandler
    startup_stm32f405xx.o(RESET) refers to stm32f4xx_it.o(i.DMA2_Stream6_IRQHandler) for DMA2_Stream6_IRQHandler
    startup_stm32f405xx.o(RESET) refers to stm32f4xx_it.o(i.USART6_IRQHandler) for USART6_IRQHandler
    startup_stm32f405xx.o(.text) refers to system_stm32f4xx.o(i.SystemInit) for SystemInit
    startup_stm32f405xx.o(.text) refers to entry.o(.ARM.Collect$$$$00000000) for __main
    smartbed.o(i.RunBedAction) refers to stm32f4xx_hal.o(i.HAL_GetTick) for HAL_GetTick
    smartbed.o(i.RunBedAction) refers to smartbed.o(i.SaveCurrentPosition) for SaveCurrentPosition
    smartbed.o(i.RunBedAction) refers to smartbed.o(i.SetBedAction) for SetBedAction
    smartbed.o(i.RunBedAction) refers to smartbed.o(i.SaveDevicePostion) for SaveDevicePostion
    smartbed.o(i.RunBedAction) refers to smartbed.o(.bss) for device_save_0
    smartbed.o(i.RunBedAction) refers to smartbed.o(.data) for dirty_count
    smartbed.o(i.SaveCurrentPosition) refers to smartbed.o(.data) for save_dirty
    smartbed.o(i.SaveDevicePostion) refers to w25qxx.o(i.W25qxx_EraseSector) for W25qxx_EraseSector
    smartbed.o(i.SaveDevicePostion) refers to w25qxx.o(i.W25qxx_WriteSector) for W25qxx_WriteSector
    smartbed.o(i.SaveDevicePostion) refers to smartbed.o(.bss) for device_save_0
    smartbed.o(i.SaveDevicePostion) refers to smartbed.o(.data) for save_dirty
    smartbed.o(i.SetBedAction) refers to stm32f4xx_hal_gpio.o(i.HAL_GPIO_WritePin) for HAL_GPIO_WritePin
    smartbed.o(i.StopBedAction) refers to smartbed.o(.bss) for action_remain
    smartbed.o(i.bed_action_task) refers to tasks.o(i.xTaskGetTickCount) for xTaskGetTickCount
    smartbed.o(i.bed_action_task) refers to smartbed.o(i.RunBedAction) for RunBedAction
    smartbed.o(i.bed_action_task) refers to tasks.o(i.vTaskDelayUntil) for vTaskDelayUntil
    smartbed.o(i.bed_action_task) refers to smartbed.o(.data) for xLastWakeTime
    smartbed.o(i.bed_status_dumps) refers to smartbed.o(i.read_status) for read_status
    smartbed.o(i.bed_status_dumps) refers to value.o(i.json_object) for json_object
    smartbed.o(i.bed_status_dumps) refers to value.o(i.json_integer) for json_integer
    smartbed.o(i.bed_status_dumps) refers to value.o(i.json_object_set_new) for json_object_set_new
    smartbed.o(i.bed_status_dumps) refers to dump.o(i.json_dumps) for json_dumps
    smartbed.o(i.bed_status_dumps) refers to str.o(i.strreplace) for strreplace
    smartbed.o(i.bed_status_dumps) refers to mallocr.o(i.__free$realloc) for free
    smartbed.o(i.bed_status_dumps) refers to value.o(i.json_delete) for json_delete
    smartbed.o(i.bed_status_dumps) refers to smartbed.o(.bss) for bedtsl
    smartbed.o(i.read_status) refers to smartbed.o(.bss) for bedtsl
    smartbed.o(i.set_bed_action) refers to _scanf_int.o(.text) for _scanf_int
    smartbed.o(i.set_bed_action) refers to strlen.o(.text) for strlen
    smartbed.o(i.set_bed_action) refers to strncmp.o(.text) for strncmp
    smartbed.o(i.set_bed_action) refers to __0sscanf.o(.text) for __0sscanf
    smartbed.o(i.set_bed_action) refers to stm32f4xx_hal.o(i.HAL_GetTick) for HAL_GetTick
    smartbed.o(i.set_bed_action) refers to smartbed.o(i.SaveDevicePostion) for SaveDevicePostion
    smartbed.o(i.set_bed_action) refers to smartbed.o(i.StopBedAction) for StopBedAction
    smartbed.o(i.set_bed_action) refers to smartbed.o(.bss) for device_save_0
[...]
    TIM8_UP_TIM13_IRQHandler                 0x08000277   Thumb Code     0  startup_stm32f405xx.o(.text)
    UART4_IRQHandler                         0x08000277   Thumb Code     0  startup_stm32f405xx.o(.text)
    UART5_IRQHandler                         0x08000277   Thumb Code     0  startup_stm32f405xx.o(.text)
    USART1_IRQHandler                        0x08000277   Thumb Code     0  startup_stm32f405xx.o(.text)
    USART2_IRQHandler                        0x08000277   Thumb Code     0  startup_stm32f405xx.o(.text)
    USART3_IRQHandler                        0x08000277   Thumb Code     0  startup_stm32f405xx.o(.text)
    WWDG_IRQHandler                          0x08000277   Thumb Code     0  startup_stm32f405xx.o(.text)
    __aeabi_uidiv                            0x08000281   Thumb Code     0  uidiv.o(.text)
    __aeabi_uidivmod                         0x08000281   Thumb Code    44  uidiv.o(.text)
    __aeabi_uldivmod                         0x080002ad   Thumb Code    98  uldiv.o(.text)
    qsort                                    0x0800030f   Thumb Code   156  qsort.o(.text)
    ___aeabi_memcpy8$move                    0x080003ab   Thumb Code     0  memmovea.o(.text)
    __aeabi_memcpy                           0x080003ab   Thumb Code    64  memmovea.o(.text)
    __aeabi_memcpy4                          0x080003ab   Thumb Code     0  memmovea.o(.text)
    __aeabi_memmove                          0x080003ab   Thumb Code     0  memmovea.o(.text)
    __aeabi_memmove4                         0x080003ab   Thumb Code     0  memmovea.o(.text)
    __aeabi_memmove8                         0x080003ab   Thumb Code     0  memmovea.o(.text)
    __aeabi_memset                           0x080003eb   Thumb Code    14  memseta.o(.text)
    __aeabi_memset4                          0x080003eb   Thumb Code     0  memseta.o(.text)
    __aeabi_memset8                          0x080003eb   Thumb Code     0  memseta.o(.text)
    __aeabi_memclr                           0x080003f9   Thumb Code     4  memseta.o(.text)
    __aeabi_memclr4                          0x080003f9   Thumb Code     0  memseta.o(.text)
    __aeabi_memclr8                          0x080003f9   Thumb Code     0  memseta.o(.text)
    memset                                   0x080003fd   Thumb Code    18  memseta.o(.text)
    strstr                                   0x0800040f   Thumb Code    36  strstr.o(.text)
    strchr                                   0x08000433   Thumb Code    20  strchr.o(.text)
    strlen                                   0x08000447   Thumb Code    14  strlen.o(.text)
    strcmp                                   0x08000455   Thumb Code    28  strcmp.o(.text)
    memchr                                   0x08000471   Thumb Code    20  memchr.o(.text)
    memcmp                                   0x08000485   Thumb Code    26  memcmp.o(.text)
    strcpy                                   0x0800049f   Thumb Code    18  strcpy.o(.text)
    strncmp                                  0x080004b1   Thumb Code    30  strncmp.o(.text)
    __0sscanf                                0x080004d1   Thumb Code    48  __0sscanf.o(.text)
    _scanf_int                               0x08000509   Thumb Code   332  _scanf_int.o(.text)
    _scanf_string                            0x08000655   Thumb Code   224  _scanf_str.o(.text)
    strtoll                                  0x08000735   Thumb Code     4  strtoll.o(.text)
    __aeabi_l2d                              0x08000739   Thumb Code    40  dfltl.o(.text)
    __aeabi_cdcmpeq                          0x08000761   Thumb Code     0  cdcmple.o(.text)
    __aeabi_cdcmple                          0x08000761   Thumb Code    48  cdcmple.o(.text)
    __aeabi_llsl                             0x08000791   Thumb Code    30  llshl.o(.text)
    _ll_shift_l                              0x08000791   Thumb Code     0  llshl.o(.text)
    __aeabi_llsr                             0x080007af   Thumb Code    32  llushr.o(.text)
    _ll_ushift_r                             0x080007af   Thumb Code     0  llushr.o(.text)
    _chval                                   0x080007cf   Thumb Code    28  _chval.o(.text)
    __vfscanf_char                           0x080007f9   Thumb Code    20  scanf_char.o(.text)
    _sgetc                                   0x08000815   Thumb Code    30  _sgetc.o(.text)
    _sbackspace                              0x08000833   Thumb Code    34  _sgetc.o(.text)
    __strtod_int                             0x0800088b   Thumb Code    88  strtod.o(.text)
    __strtoll                                0x080008f1   Thumb Code   144  __strtoll.o(.text)
    __I$use$fp                               0x08000981   Thumb Code     0  iusefp.o(.text)
    _double_round                            0x08000981   Thumb Code    30  depilogue.o(.text)
    _double_epilogue                         0x0800099f   Thumb Code   156  depilogue.o(.text)
    __aeabi_dadd                             0x08000a3b   Thumb Code   322  dadd.o(.text)
    __aeabi_dsub                             0x08000b7d   Thumb Code     6  dadd.o(.text)
    __aeabi_drsub                            0x08000b83   Thumb Code     6  dadd.o(.text)
    __aeabi_dmul                             0x08000b89   Thumb Code   228  dmul.o(.text)
    __aeabi_ddiv                             0x08000c6d   Thumb Code   222  ddiv.o(.text)
    __aeabi_d2ulz                            0x08000d4b   Thumb Code    48  dfixul.o(.text)
    __aeabi_cdrcmple                         0x08000d7d   Thumb Code    48  cdrcmple.o(.text)
    __scatterload                            0x08000dad   Thumb Code    28  init.o(.text)
    __scatterload_rt2                        0x08000dad   Thumb Code     0  init.o(.text)
    __aeabi_lasr                             0x08000dd1   Thumb Code    36  llsshr.o(.text)
    _ll_sshift_r                             0x08000dd1   Thumb Code     0  llsshr.o(.text)
    __rt_ctype_table                         0x08000df5   Thumb Code     4  ctype_o.o(.text)
    isspace                                  0x08000dfd   Thumb Code    18  isspace_o.o(.text)
    __vfscanf                                0x08000e11   Thumb Code   808  _scanf.o(.text)
    _scanf_real                              0x0800123d   Thumb Code     0  scanf_fp.o(.text)
    _scanf_really_real                       0x0800123d   Thumb Code   556  scanf_fp.o(.text)
    _strtoull                                0x08001475   Thumb Code   194  _strtoull.o(.text)
    __aeabi_ul2d                             0x08001537   Thumb Code    24  dfltul.o(.text)
    __aeabi_d2f                              0x0800154f   Thumb Code    56  d2f.o(.text)
    _float_round                             0x08001587   Thumb Code    18  fepilogue.o(.text)
    _float_epilogue                          0x08001599   Thumb Code    92  fepilogue.o(.text)
    __decompress                             0x080015f5   Thumb Code     0  __dczerorl2.o(.text)
    __decompress1                            0x080015f5   Thumb Code    86  __dczerorl2.o(.text)
    BusFault_Handler                         0x0800164b   Thumb Code     4  stm32f4xx_it.o(i.BusFault_Handler)
    DMA1_Stream5_IRQHandler                  0x08001651   Thumb Code    10  stm32f4xx_it.o(i.DMA1_Stream5_IRQHandler)
    DMA1_Stream6_IRQHandler                  0x08001661   Thumb Code    10  stm32f4xx_it.o(i.DMA1_Stream6_IRQHandler)
    DMA2_Stream1_IRQHandler                  0x08001671   Thumb Code    10  stm32f4xx_it.o(i.DMA2_Stream1_IRQHandler)
    DMA2_Stream6_IRQHandler                  0x08001681   Thumb Code    10  stm32f4xx_it.o(i.DMA2_Stream6_IRQHandler)
    DebugMon_Handler                         0x0800179b   Thumb Code     2  stm32f4xx_it.o(i.DebugMon_Handler)
    Error_Handler                            0x0800179d   Thumb Code     2  main.o(i.Error_Handler)
    HAL_AT_Uart_Init                         0x0800179f   Thumb Code     6  wrapper.o(i.HAL_AT_Uart_Init)
    HAL_AT_Uart_Recv                         0x080017a5   Thumb Code    36  wrapper.o(i.HAL_AT_Uart_Recv)
    HAL_AT_Uart_Send                         0x080017cd   Thumb Code    28  wrapper.o(i.HAL_AT_Uart_Send)
    HAL_DMA_Abort_IT                         0x080017ed   Thumb Code    40  stm32f4xx_hal_dma.o(i.HAL_DMA_Abort_IT)
    HAL_DMA_IRQHandler                       0x08001815   Thumb Code   570  stm32f4xx_hal_dma.o(i.HAL_DMA_IRQHandler)
    HAL_DMA_Init                             0x08001a55   Thumb Code   232  stm32f4xx_hal_dma.o(i.HAL_DMA_Init)
    HAL_DMA_Start_IT                         0x08001b41   Thumb Code   146  stm32f4xx_hal_dma.o(i.HAL_DMA_Start_IT)
    HAL_Delay                                0x08001bd5   Thumb Code    36  stm32f4xx_hal.o(i.HAL_Delay)
    HAL_Free                                 0x08001bfd   Thumb Code    12  wrapper.o(i.HAL_Free)
    HAL_GPIO_Init                            0x08001c09   Thumb Code   466  stm32f4xx_hal_gpio.o(i.HAL_GPIO_Init)
    HAL_GPIO_WritePin                        0x08001e09   Thumb Code    12  stm32f4xx_hal_gpio.o(i.HAL_GPIO_WritePin)
    HAL_GetTick                              0x08001e15   Thumb Code     6  stm32f4xx_hal.o(i.HAL_GetTick)
    HAL_IncTick                              0x08001e21   Thumb Code    16  stm32f4xx_hal.o(i.HAL_IncTick)
    HAL_Init                                 0x08001e39   Thumb Code    54  stm32f4xx_hal.o(i.HAL_Init)
    HAL_InitTick                             0x08001e75   Thumb Code   122  stm32f4xx_hal_timebase_tim.o(i.HAL_InitTick)
    HAL_Malloc                               0x08001f01   Thumb Code    12  wrapper.o(i.HAL_Malloc)
    HAL_MspInit                              0x08001f0d   Thumb Code    78  stm32f4xx_hal_msp.o(i.HAL_MspInit)
    HAL_MutexCreate                          0x08001f61   Thumb Code    20  wrapper.o(i.HAL_MutexCreate)
    HAL_MutexDestroy                         0x08001f75   Thumb Code    20  wrapper.o(i.HAL_MutexDestroy)
    HAL_MutexLock                            0x08001f89   Thumb Code    44  wrapper.o(i.HAL_MutexLock)
    HAL_MutexUnlock                          0x08001fb5   Thumb Code    26  wrapper.o(i.HAL_MutexUnlock)
    HAL_NVIC_EnableIRQ                       0x08001fcf   Thumb Code    32  stm32f4xx_hal_cortex.o(i.HAL_NVIC_EnableIRQ)
    HAL_NVIC_SetPriority                     0x08001fef   Thumb Code   124  stm32f4xx_hal_cortex.o(i.HAL_NVIC_SetPriority)
    HAL_NVIC_SetPriorityGrouping             0x0800206d   Thumb Code    32  stm32f4xx_hal_cortex.o(i.HAL_NVIC_SetPriorityGrouping)
    HAL_RCC_ClockConfig                      0x08002095   Thumb Code   368  stm32f4xx_hal_rcc.o(i.HAL_RCC_ClockConfig)
    HAL_RCC_GetClockConfig                   0x08002219   Thumb Code    58  stm32f4xx_hal_rcc.o(i.HAL_RCC_GetClockConfig)
    HAL_RCC_GetHCLKFreq                      0x0800225d   Thumb Code     6  stm32f4xx_hal_rcc.o(i.HAL_RCC_GetHCLKFreq)
    HAL_RCC_GetPCLK1Freq                     0x08002269   Thumb Code    22  stm32f4xx_hal_rcc.o(i.HAL_RCC_GetPCLK1Freq)
    HAL_RCC_GetPCLK2Freq                     0x08002289   Thumb Code    22  stm32f4xx_hal_rcc.o(i.HAL_RCC_GetPCLK2Freq)
    HAL_RCC_GetSysClockFreq                  0x080022a9   Thumb Code   162  stm32f4xx_hal_rcc.o(i.HAL_RCC_GetSysClockFreq)
    HAL_RCC_OscConfig                        0x08002359   Thumb Code  1152  stm32f4xx_hal_rcc.o(i.HAL_RCC_OscConfig)
    HAL_SPI_Init                             0x080027e1   Thumb Code   140  stm32f4xx_hal_spi.o(i.HAL_SPI_Init)
    HAL_SPI_MspInit                          0x0800286d   Thumb Code   122  spi.o(i.HAL_SPI_MspInit)
    HAL_SPI_Receive                          0x080028f5   Thumb Code   356  stm32f4xx_hal_spi.o(i.HAL_SPI_Receive)
    HAL_SPI_Transmit                         0x08002a59   Thumb Code   418  stm32f4xx_hal_spi.o(i.HAL_SPI_Transmit)
    HAL_SPI_TransmitReceive                  0x08002bfb   Thumb Code   554  stm32f4xx_hal_spi.o(i.HAL_SPI_TransmitReceive)
    HAL_SemaphoreCreate                      0x08002e25   Thumb Code    24  wrapper.o(i.HAL_SemaphoreCreate)
    HAL_SemaphoreDestroy                     0x08002e3d   Thumb Code    20  wrapper.o(i.HAL_SemaphoreDestroy)
    HAL_SemaphorePost                        0x08002e51   Thumb Code    26  wrapper.o(i.HAL_SemaphorePost)
    HAL_SemaphoreWait                        0x08002e6b   Thumb Code    44  wrapper.o(i.HAL_SemaphoreWait)
    HAL_SleepMs                              0x08002e97   Thumb Code    12  wrapper.o(i.HAL_SleepMs)
    HAL_TIMEx_BreakCallback                  0x08002ea3   Thumb Code     2  stm32f4xx_hal_tim_ex.o(i.HAL_TIMEx_BreakCallback)
    HAL_TIMEx_CommutCallback                 0x08002ea5   Thumb Code     2  stm32f4xx_hal_tim_ex.o(i.HAL_TIMEx_CommutCallback)
    HAL_TIM_Base_Init                        0x08002ea7   Thumb Code    52  stm32f4xx_hal_tim.o(i.HAL_TIM_Base_Init)
    HAL_TIM_Base_MspInit                     0x08002edb   Thumb Code     2  stm32f4xx_hal_tim.o(i.HAL_TIM_Base_MspInit)
    HAL_TIM_Base_Start_IT                    0x08002edd   Thumb Code    42  stm32f4xx_hal_tim.o(i.HAL_TIM_Base_Start_IT)
    HAL_TIM_IC_CaptureCallback               0x08002f07   Thumb Code     2  stm32f4xx_hal_tim.o(i.HAL_TIM_IC_CaptureCallback)
    HAL_TIM_IRQHandler                       0x08002f09   Thumb Code   406  stm32f4xx_hal_tim.o(i.HAL_TIM_IRQHandler)
    HAL_TIM_OC_DelayElapsedCallback          0x0800309f   Thumb Code     2  stm32f4xx_hal_tim.o(i.HAL_TIM_OC_DelayElapsedCallback)
    HAL_TIM_PWM_PulseFinishedCallback        0x080030a1   Thumb Code     2  stm32f4xx_hal_tim.o(i.HAL_TIM_PWM_PulseFinishedCallback)
    HAL_TIM_PeriodElapsedCallback            0x080030a5   Thumb Code    18  main.o(i.HAL_TIM_PeriodElapsedCallback)
    HAL_TIM_TriggerCallback                  0x080030bd   Thumb Code     2  stm32f4xx_hal_tim.o(i.HAL_TIM_TriggerCallback)
    HAL_ThreadCreate                         0x080030c1   Thumb Code   146  wrapper.o(i.HAL_ThreadCreate)
    HAL_UART_ErrorCallback                   0x08003165   Thumb Code     2  stm32f4xx_hal_uart.o(i.HAL_UART_ErrorCallback)
    HAL_UART_IRQHandler                      0x08003169   Thumb Code   336  stm32f4xx_hal_uart.o(i.HAL_UART_IRQHandler)
    HAL_UART_Init                            0x080032bd   Thumb Code   114  stm32f4xx_hal_uart.o(i.HAL_UART_Init)
    HAL_UART_MspInit                         0x08003331   Thumb Code   718  usart.o(i.HAL_UART_MspInit)
    HAL_UART_Receive                         0x08003639   Thumb Code   224  stm32f4xx_hal_uart.o(i.HAL_UART_Receive)
    HAL_UART_Receive_DMA                     0x08003719   Thumb Code   182  stm32f4xx_hal_uart.o(i.HAL_UART_Receive_DMA)
    HAL_UART_RxCpltCallback                  0x080037dd   Thumb Code    42  main.o(i.HAL_UART_RxCpltCallback)
    HAL_UART_RxHalfCpltCallback              0x08003811   Thumb Code     2  stm32f4xx_hal_uart.o(i.HAL_UART_RxHalfCpltCallback)
    HAL_UART_Transmit                        0x08003813   Thumb Code   216  stm32f4xx_hal_uart.o(i.HAL_UART_Transmit)
    HAL_UART_TxCpltCallback                  0x080038eb   Thumb Code     2  stm32f4xx_hal_uart.o(i.HAL_UART_TxCpltCallback)
    HardFault_Handler                        0x080038ed   Thumb Code     4  stm32f4xx_it.o(i.HardFault_Handler)
    IOT_ATM_Init                             0x080038f1   Thumb Code    20  at_api.o(i.IOT_ATM_Init)
    MX_DMA_Init                              0x08003905   Thumb Code   130  dma.o(i.MX_DMA_Init)
    MX_FREERTOS_Init                         0x0800398d   Thumb Code    54  freertos.o(i.MX_FREERTOS_Init)
    MX_GPIO_Init                             0x080039d1   Thumb Code   198  gpio.o(i.MX_GPIO_Init)
    MX_SPI1_Init                             0x08003aa1   Thumb Code    58  spi.o(i.MX_SPI1_Init)
    MX_USART1_UART_Init                      0x08003ae5   Thumb Code    46  usart.o(i.MX_USART1_UART_Init)
    MX_USART2_UART_Init                      0x08003b1d   Thumb Code    46  usart.o(i.MX_USART2_UART_Init)
    MX_USART3_UART_Init                      0x08003b55   Thumb Code    46  usart.o(i.MX_USART3_UART_Init)
    MX_USART6_UART_Init                      0x08003b8d   Thumb Code    46  usart.o(i.MX_USART6_UART_Init)
    MemManage_Handler                        0x08003bc5   Thumb Code     4  stm32f4xx_it.o(i.MemManage_Handler)
    NMI_Handler                              0x08003bc9   Thumb Code     2  stm32f4xx_it.o(i.NMI_Handler)
    RunBedAction                             0x08003bcd   Thumb Code   220  smartbed.o(i.RunBedAction)
    SaveCurrentPosition                      0x08003e69   Thumb Code    92  smartbed.o(i.SaveCurrentPosition)
    SaveDevicePostion                        0x08003ecd   Thumb Code    40  smartbed.o(i.SaveDevicePostion)
    SetBedAction                             0x08003f01   Thumb Code    82  smartbed.o(i.SetBedAction)
    StartBedTask                             0x08003f59   Thumb Code    10  freertos.o(i.StartBedTask)
    StartReportTask                          0x08003f63   Thumb Code    10  freertos.o(i.StartReportTask)
    StopBedAction                            0x08003f6d   Thumb Code    34  smartbed.o(i.StopBedAction)
    SysTick_Handler                          0x08003f95   Thumb Code    46  port.o(i.SysTick_Handler)
    SystemClock_Config                       0x08003fc9   Thumb Code   170  main.o(i.SystemClock_Config)
    SystemInit                               0x0800407d   Thumb Code    82  system_stm32f4xx.o(i.SystemInit)
    TIM1_UP_TIM10_IRQHandler                 0x080040e1   Thumb Code    10  stm32f4xx_it.o(i.TIM1_UP_TIM10_IRQHandler)
    TIM_Base_SetConfig                       0x080040f1   Thumb Code   170  stm32f4xx_hal_tim.o(i.TIM_Base_SetConfig)
    USART6_IRQHandler                        0x08004839   Thumb Code    10  stm32f4xx_it.o(i.USART6_IRQHandler)
    UsageFault_Handler                       0x08004849   Thumb Code     4  stm32f4xx_it.o(i.UsageFault_Handler)
    W25qxx_EraseSector                       0x0800484d   Thumb Code   128  w25qxx.o(i.W25qxx_EraseSector)
    W25qxx_Init                              0x080048d5   Thumb Code   306  w25qxx.o(i.W25qxx_Init)
    W25qxx_IsEmptySector                     0x08004a11   Thumb Code   340  w25qxx.o(i.W25qxx_IsEmptySector)
    W25qxx_ReadID                            0x08004b71   Thumb Code    80  w25qxx.o(i.W25qxx_ReadID)
    W25qxx_ReadPage                          0x08004bc5   Thumb Code   176  w25qxx.o(i.W25qxx_ReadPage)
    W25qxx_ReadSector                        0x08004c81   Thumb Code   130  w25qxx.o(i.W25qxx_ReadSector)
    W25qxx_ReadStatusRegister                0x08004d09   Thumb Code   104  w25qxx.o(i.W25qxx_ReadStatusRegister)
    W25qxx_ReadUniqID                        0x08004d79   Thumb Code    72  w25qxx.o(i.W25qxx_ReadUniqID)
    W25qxx_SectorToPage                      0x08004dc9   Thumb Code    18  w25qxx.o(i.W25qxx_SectorToPage)
    W25qxx_Spi                               0x08004de1   Thumb Code    26  w25qxx.o(i.W25qxx_Spi)
    W25qxx_WaitForWriteEnd                   0x08004e01   Thumb Code    72  w25qxx.o(i.W25qxx_WaitForWriteEnd)
    W25qxx_WriteEnable                       0x08004e51   Thumb Code    38  w25qxx.o(i.W25qxx_WriteEnable)
    W25qxx_WritePage                         0x08004e7d   Thumb Code   184  w25qxx.o(i.W25qxx_WritePage)
    W25qxx_WriteSector                       0x08004f41   Thumb Code   130  w25qxx.o(i.W25qxx_WriteSector)
    __0snprintf                              0x08004fc9   Thumb Code    36  printfa.o(i.__0snprintf)
    __1snprintf                              0x08004fc9   Thumb Code     0  printfa.o(i.__0snprintf)
    __2snprintf                              0x08004fc9   Thumb Code     0  printfa.o(i.__0snprintf)
    __c89snprintf                            0x08004fc9   Thumb Code     0  printfa.o(i.__0snprintf)
    snprintf                                 0x08004fc9   Thumb Code     0  printfa.o(i.__0snprintf)
    __0sprintf                               0x08004ff1   Thumb Code    34  printfa.o(i.__0sprintf)
    __1sprintf                               0x08004ff1   Thumb Code     0  printfa.o(i.__0sprintf)
    __2sprintf                               0x08004ff1   Thumb Code     0  printfa.o(i.__0sprintf)
    __c89sprintf                             0x08004ff1   Thumb Code     0  printfa.o(i.__0sprintf)
    sprintf                                  0x08004ff1   Thumb Code     0  printfa.o(i.__0sprintf)
    __0vsnprintf                             0x08005019   Thumb Code    32  printfa.o(i.__0vsnprintf)
    __1vsnprintf                             0x08005019   Thumb Code     0  printfa.o(i.__0vsnprintf)
    __2vsnprintf                             0x08005019   Thumb Code     0  printfa.o(i.__0vsnprintf)
    __c89vsnprintf                           0x08005019   Thumb Code     0  printfa.o(i.__0vsnprintf)
    vsnprintf                                0x08005019   Thumb Code     0  printfa.o(i.__0vsnprintf)
    __ARM_common_switch8                     0x0800503d   Thumb Code    26  dump.o(i.__ARM_common_switch8)
    __ARM_isinf                              0x08005057   Thumb Code    22  value.o(i.__ARM_isinf)
    __ARM_isnan                              0x0800506d   Thumb Code    20  value.o(i.__ARM_isnan)
    __aeabi_errno_addr                       0x080050bd   Thumb Code     4  errno.o(i.__aeabi_errno_addr)
    __rt_errno_addr                          0x080050bd   Thumb Code     0  errno.o(i.__aeabi_errno_addr)
    free                                     0x080050c5   Thumb Code    88  mallocr.o(i.__free$realloc)
    malloc                                   0x08005121   Thumb Code    64  mallocr.o(i.__malloc$realloc)
    __scatterload_copy                       0x08005171   Thumb Code    14  handlers.o(i.__scatterload_copy)
    __scatterload_null                       0x0800517f   Thumb Code     2  handlers.o(i.__scatterload_null)
    __scatterload_zeroinit                   0x08005181   Thumb Code    14  handlers.o(i.__scatterload_zeroinit)
    _is_digit                                0x080052f5   Thumb Code    14  scanf_fp.o(i._is_digit)
    at_parser_init                           0x08005b81   Thumb Code   200  at_parser.o(i.at_parser_init)
    at_register_callback                     0x08005ca5   Thumb Code   202  at_parser.o(i.at_register_callback)
    at_send_no_reply                         0x08005ed9   Thumb Code   148  at_parser.o(i.at_send_no_reply)
    at_send_wait_reply                       0x08005f75   Thumb Code   340  at_parser.o(i.at_send_wait_reply)
    attr_report                              0x08006489   Thumb Code    84  emw3080.o(i.attr_report)
    attr_report_task                         0x080064fd   Thumb Code    38  emw3080.o(i.attr_report_task)
    bed_action_task                          0x0800652d   Thumb Code    30  smartbed.o(i.bed_action_task)
    bed_status_dumps                         0x08006551   Thumb Code   274  smartbed.o(i.bed_status_dumps)
    ble_init                                 0x080066f1   Thumb Code    14  ble.o(i.ble_init)
    ble_receive_dma_callback                 0x08006709   Thumb Code   152  ble.o(i.ble_receive_dma_callback)
    emw3080_init                             0x08006d89   Thumb Code    48  emw3080.o(i.emw3080_init)
    event_cb                                 0x08006ead   Thumb Code    32  emw3080.o(i.event_cb)
    func_cb                                  0x08006ee5   Thumb Code   232  emw3080.o(i.func_cb)
    hashtable_close                          0x08007199   Thumb Code    16  hashtable.o(i.hashtable_close)
    hashtable_get                            0x0800727d   Thumb Code    58  hashtable.o(i.hashtable_get)
    hashtable_init                           0x080072bd   Thumb Code    72  hashtable.o(i.hashtable_init)
    hashtable_iter                           0x08007305   Thumb Code    12  hashtable.o(i.hashtable_iter)
    hashtable_iter_key                       0x08007311   Thumb Code     4  hashtable.o(i.hashtable_iter_key)
    hashtable_iter_next                      0x08007315   Thumb Code    14  hashtable.o(i.hashtable_iter_next)
    hashtable_iter_serial                    0x08007323   Thumb Code     4  hashtable.o(i.hashtable_iter_serial)
    hashtable_iter_value                     0x08007327   Thumb Code     4  hashtable.o(i.hashtable_iter_value)
    hashtable_set                            0x0800732d   Thumb Code   168  hashtable.o(i.hashtable_set)
    json_array                               0x08007455   Thumb Code    54  value.o(i.json_array)
    json_array_append_new                    0x0800748d   Thumb Code    68  value.o(i.json_array_append_new)
    json_array_get                           0x080074d5   Thumb Code    28  value.o(i.json_array_get)
    json_array_size                          0x0800753d   Thumb Code    18  value.o(i.json_array_size)
    json_delete                              0x08007597   Thumb Code    84  value.o(i.json_delete)
    json_dump_callback                       0x080075eb   Thumb Code    42  dump.o(i.json_dump_callback)
    json_dumps                               0x08007615   Thumb Code    62  dump.o(i.json_dumps)
    json_false                               0x08007659   Thumb Code     4  value.o(i.json_false)
    json_integer                             0x08007681   Thumb Code    28  value.o(i.json_integer)
    json_integer_value                       0x0800769d   Thumb Code    24  value.o(i.json_integer_value)
    json_loadb                               0x080076b5   Thumb Code    86  load.o(i.json_loadb)
    json_null                                0x0800772d   Thumb Code     4  value.o(i.json_null)
    json_number_value                        0x08007735   Thumb Code    38  value.o(i.json_number_value)
    json_object                              0x0800775d   Thumb Code    70  value.o(i.json_object)
    json_object_get                          0x080077a9   Thumb Code    28  value.o(i.json_object_get)
    json_object_iter                         0x080077c5   Thumb Code    24  value.o(i.json_object_iter)
    json_object_iter_key                     0x080077dd   Thumb Code    12  value.o(i.json_object_iter_key)
    json_object_iter_next                    0x080077e9   Thumb Code    28  value.o(i.json_object_iter_next)
    json_object_iter_value                   0x08007805   Thumb Code    12  value.o(i.json_object_iter_value)
    json_object_key_to_iter                  0x08007811   Thumb Code     8  value.o(i.json_object_key_to_iter)
    json_object_seed                         0x08007819   Thumb Code    34  hashtable_seed.o(i.json_object_seed)
    json_object_set_new                      0x08007841   Thumb Code    52  value.o(i.json_object_set_new)
    json_object_set_new_nocheck              0x08007875   Thumb Code    58  value.o(i.json_object_set_new_nocheck)
    json_object_size                         0x080078b5   Thumb Code    18  value.o(i.json_object_size)
    json_real                                0x080078c7   Thumb Code    52  value.o(i.json_real)
    json_real_value                          0x080078fb   Thumb Code    24  value.o(i.json_real_value)
    json_string_length                       0x08007913   Thumb Code    18  value.o(i.json_string_length)
    json_string_value                        0x08007925   Thumb Code    18  value.o(i.json_string_value)
    json_true                                0x08007939   Thumb Code     4  value.o(i.json_true)
    json_unpack                              0x08007941   Thumb Code    26  pack_unpack.o(i.json_unpack)
    json_vunpack_ex                          0x0800795d   Thumb Code   144  pack_unpack.o(i.json_vunpack_ex)
    jsonp_dtostr                             0x08007a4d   Thumb Code   150  strconv.o(i.jsonp_dtostr)
    jsonp_error_init                         0x08007aed   Thumb Code    34  error.o(i.jsonp_error_init)
    jsonp_error_set                          0x08007b0f   Thumb Code    16  error.o(i.jsonp_error_set)
    jsonp_error_set_source                   0x08007b21   Thumb Code    56  error.o(i.jsonp_error_set_source)
    jsonp_error_vset                         0x08007b5d   Thumb Code    44  error.o(i.jsonp_error_vset)
    jsonp_free                               0x08007b89   Thumb Code    12  memory.o(i.jsonp_free)
    jsonp_malloc                             0x08007b99   Thumb Code    12  memory.o(i.jsonp_malloc)
    jsonp_strdup                             0x08007ba9   Thumb Code    18  memory.o(i.jsonp_strdup)
    jsonp_stringn_nocheck_own                0x08007bbb   Thumb Code    10  value.o(i.jsonp_stringn_nocheck_own)
    jsonp_strndup                            0x08007bc5   Thumb Code    36  memory.o(i.jsonp_strndup)
    jsonp_strtod                             0x08007be9   Thumb Code    90  strconv.o(i.jsonp_strtod)
    ld3320_init                              0x08007c4d   Thumb Code    14  ld3320.o(i.ld3320_init)
    ld3320_receive_dma_callback              0x08007c65   Thumb Code   152  ld3320.o(i.ld3320_receive_dma_callback)
    main                                     0x08008329   Thumb Code    80  main.o(i.main)
    osDelay                                  0x0800842d   Thumb Code    24  cmsis_os.o(i.osDelay)
    osKernelStart                            0x08008445   Thumb Code    10  cmsis_os.o(i.osKernelStart)
    osThreadCreate                           0x0800844f   Thumb Code    48  cmsis_os.o(i.osThreadCreate)
    pvPortMalloc                             0x08008e69   Thumb Code   296  heap_4.o(i.pvPortMalloc)
    pvTaskIncrementMutexHeldCount            0x08008fa5   Thumb Code    26  tasks.o(i.pvTaskIncrementMutexHeldCount)
    pxPortInitialiseStack                    0x08008fc5   Thumb Code    38  port.o(i.pxPortInitialiseStack)
    read_status                              0x08008ff1   Thumb Code    16  smartbed.o(i.read_status)
    realloc                                  0x08009005   Thumb Code   102  mallocr.o(i.realloc)
    seed_from_timestamp_and_pid              0x0800909d   Thumb Code     6  jansson_config.o(i.seed_from_timestamp_and_pid)
    set_bed_action                           0x080090a5   Thumb Code   720  smartbed.o(i.set_bed_action)
    smartbed_init                            0x08009415   Thumb Code   386  smartbed.o(i.smartbed_init)
    strbuffer_append_byte                    0x080095ad   Thumb Code    12  strbuffer.o(i.strbuffer_append_byte)
    strbuffer_append_bytes                   0x080095b9   Thumb Code   108  strbuffer.o(i.strbuffer_append_bytes)
    strbuffer_clear                          0x08009629   Thumb Code    10  strbuffer.o(i.strbuffer_clear)
    strbuffer_close                          0x08009633   Thumb Code    24  strbuffer.o(i.strbuffer_close)
    strbuffer_init                           0x0800964b   Thumb Code    34  strbuffer.o(i.strbuffer_init)
    strbuffer_pop                            0x0800966d   Thumb Code    24  strbuffer.o(i.strbuffer_pop)
    strbuffer_value                          0x08009685   Thumb Code     4  strbuffer.o(i.strbuffer_value)
    strreplace                               0x080097f5   Thumb Code   168  str.o(i.strreplace)
    strtod                                   0x080098a1   Thumb Code    34  strtod.o(i.strtod)
    substr                                   0x080098d1   Thumb Code    66  str.o(i.substr)
    utf8_check_first                         0x0800a0cd   Thumb Code    60  utf.o(i.utf8_check_first)
    utf8_check_full                          0x0800a109   Thumb Code   126  utf.o(i.utf8_check_full)
    utf8_check_string                        0x0800a191   Thumb Code    62  utf.o(i.utf8_check_string)
    utf8_encode                              0x0800a1d1   Thumb Code   120  utf.o(i.utf8_encode)
    utf8_iterate                             0x0800a24d   Thumb Code    64  utf.o(i.utf8_iterate)
    uxListRemove                             0x0800a28d   Thumb Code    40  list.o(i.uxListRemove)
    vListInitialise                          0x0800a2b5   Thumb Code    26  list.o(i.vListInitialise)
    vListInitialiseItem                      0x0800a2cf   Thumb Code     6  list.o(i.vListInitialiseItem)
    vListInsert                              0x0800a2d5   Thumb Code    52  list.o(i.vListInsert)
    vListInsertEnd                           0x0800a309   Thumb Code    24  list.o(i.vListInsertEnd)
    vPortEnterCritical                       0x0800a321   Thumb Code    76  port.o(i.vPortEnterCritical)
    vPortExitCritical                        0x0800a375   Thumb Code    56  port.o(i.vPortExitCritical)
    vPortFree                                0x0800a3b1   Thumb Code   140  heap_4.o(i.vPortFree)
    vPortSetupTimerInterrupt                 0x0800a445   Thumb Code    36  port.o(i.vPortSetupTimerInterrupt)
    vQueueDelete                             0x0800a46d   Thumb Code    44  queue.o(i.vQueueDelete)
    vQueueUnregisterQueue                    0x0800a499   Thumb Code    44  queue.o(i.vQueueUnregisterQueue)
    vTaskDelay                               0x0800a4c9   Thumb Code    82  tasks.o(i.vTaskDelay)
    vTaskDelayUntil                          0x0800a525   Thumb Code   200  tasks.o(i.vTaskDelayUntil)
    vTaskInternalSetTimeOutState             0x0800a5f9   Thumb Code    14  tasks.o(i.vTaskInternalSetTimeOutState)
    vTaskMissedYield                         0x0800a611   Thumb Code     8  tasks.o(i.vTaskMissedYield)
    vTaskPlaceOnEventList                    0x0800a61d   Thumb Code    52  tasks.o(i.vTaskPlaceOnEventList)
    vTaskPriorityDisinheritAfterTimeout      0x0800a655   Thumb Code   230  tasks.o(i.vTaskPriorityDisinheritAfterTimeout)
    vTaskStartScheduler                      0x0800a749   Thumb Code   108  tasks.o(i.vTaskStartScheduler)
    vTaskSuspendAll                          0x0800a7d1   Thumb Code    12  tasks.o(i.vTaskSuspendAll)
    vTaskSwitchContext                       0x0800a7e1   Thumb Code   118  tasks.o(i.vTaskSwitchContext)
    xPortStartScheduler                      0x0800a86d   Thumb Code   330  port.o(i.xPortStartScheduler)
    xQueueCreateCountingSemaphore            0x0800a9d5   Thumb Code    92  queue.o(i.xQueueCreateCountingSemaphore)
    xQueueCreateMutex                        0x0800aa31   Thumb Code    34  queue.o(i.xQueueCreateMutex)
    xQueueGenericCreate                      0x0800aa53   Thumb Code    90  queue.o(i.xQueueGenericCreate)
    xQueueGenericReset                       0x0800aaad   Thumb Code   146  queue.o(i.xQueueGenericReset)
    xQueueGenericSend                        0x0800ab45   Thumb Code   420  queue.o(i.xQueueGenericSend)
    xQueueSemaphoreTake                      0x0800aced   Thumb Code   434  queue.o(i.xQueueSemaphoreTake)
    xTaskCheckForTimeOut                     0x0800aea5   Thumb Code   156  tasks.o(i.xTaskCheckForTimeOut)
    xTaskCreate                              0x0800af4d   Thumb Code    96  tasks.o(i.xTaskCreate)
    xTaskGetSchedulerState                   0x0800afad   Thumb Code    24  tasks.o(i.xTaskGetSchedulerState)
    xTaskGetTickCount                        0x0800afcd   Thumb Code     6  tasks.o(i.xTaskGetTickCount)
    xTaskIncrementTick                       0x0800afd9   Thumb Code   282  tasks.o(i.xTaskIncrementTick)
    xTaskPriorityDisinherit                  0x0800b121   Thumb Code   188  tasks.o(i.xTaskPriorityDisinherit)
    xTaskPriorityInherit                     0x0800b1e9   Thumb Code   186  tasks.o(i.xTaskPriorityInherit)
    xTaskRemoveFromEventList                 0x0800b2b1   Thumb Code   128  tasks.o(i.xTaskRemoveFromEventList)
    xTaskResumeAll                           0x0800b349   Thumb Code   224  tasks.o(i.xTaskResumeAll)
    AHBPrescTable                            0x0800b474   Data          16  system_stm32f4xx.o(.constdata)
    APBPrescTable                            0x0800b484   Data           8  system_stm32f4xx.o(.constdata)
    __ctype_table                            0x0800b4e4   Data         129  ctype_o.o(.constdata)
    Region$$Table$$Base                      0x0800b624   Number         0  anon$$obj.o(Region$$Table)
    Region$$Table$$Limit                     0x0800b644   Number         0  anon$$obj.o(Region$$Table)
    reportTaskHandle                         0x200000c0   Data           4  freertos.o(.data)
    bedTaskHandle                            0x200000c4   Data           4  freertos.o(.data)
    SystemCoreClock                          0x200000c8   Data           4  system_stm32f4xx.o(.data)
    uwTick                                   0x200000d0   Data           4  stm32f4xx_hal.o(.data)
    uwTickPrio                               0x200000d4   Data           4  stm32f4xx_hal.o(.data)
    uwTickFreq                               0x200000d8   Data           1  stm32f4xx_hal.o(.data)
    pxCurrentTCB                             0x200000dc   Data           4  tasks.o(.data)
    hashtable_seed                           0x2000015c   Data           4  hashtable_seed.o(.data)
    __microlib_freelist                      0x20000164   Data           4  mvars.o(.data)
    __microlib_freelist_initialised          0x20000168   Data           4  mvars.o(.data)
    w25qxx                                   0x20000678   Data          40  w25qxx.o(.bss)
    hspi1                                    0x200006dc   Data          88  spi.o(.bss)
    huart1                                   0x20000734   Data          64  usart.o(.bss)
    huart2                                   0x20000774   Data          64  usart.o(.bss)
    huart3                                   0x200007b4   Data          64  usart.o(.bss)
    huart6                                   0x200007f4   Data          64  usart.o(.bss)
    hdma_usart2_rx                           0x20000834   Data          96  usart.o(.bss)
    hdma_usart2_tx                           0x20000894   Data          96  usart.o(.bss)
    hdma_usart6_rx                           0x200008f4   Data          96  usart.o(.bss)
    hdma_usart6_tx                           0x20000954   Data          96  usart.o(.bss)
    htim1                                    0x200009b4   Data          64  stm32f4xx_hal_timebase_tim.o(.bss)
    xQueueRegistry                           0x20000cd0   Data          64  queue.o(.bss)
    __heap_base                              0x20004a00   Data           0  startup_stm32f405xx.o(HEAP)
    __heap_limit                             0x20005200   Data           0  startup_stm32f405xx.o(HEAP)
    __initial_sp                             0x20006200   Data           0  startup_stm32f405xx.o(STACK)



==============================================================================

Memory Map of the image

  Image Entry point : 0x08000189

  Load Region LR_IROM1 (Base: 0x08000000, Size: 0x0000b7b0, Max: 0x00100000, ABSOLUTE, COMPRESSED[0x0000b698])

    Execution Region ER_IROM1 (Base: 0x08000000, Size: 0x0000b644, Max: 0x00100000, ABSOLUTE)

    Base Addr    Size         Type   Attr      Idx    E Section Name        Object

    0x08000000   0x00000188   Data   RO            3    RESET               startup_stm32f405xx.o
    0x08000188   0x00000000   Code   RO         6832  * .ARM.Collect$$$$00000000  mc_w.l(entry.o)
    0x08000188   0x00000004   Code   RO         7206    .ARM.Collect$$$$00000001  mc_w.l(entry2.o)
    0x0800018c   0x00000004   Code   RO         7209    .ARM.Collect$$$$00000004  mc_w.l(entry5.o)
    0x08000190   0x00000000   Code   RO         7211    .ARM.Collect$$$$00000008  mc_w.l(entry7b.o)
    0x08000190   0x00000000   Code   RO         7213    .ARM.Collect$$$$0000000A  mc_w.l(entry8b.o)
    0x08000190   0x00000008   Code   RO         7214    .ARM.Collect$$$$0000000B  mc_w.l(entry9a.o)
    0x08000198   0x00000000   Code   RO         7216    .ARM.Collect$$$$0000000D  mc_w.l(entry10a.o)
    0x08000198   0x00000000   Code   RO         7218    .ARM.Collect$$$$0000000F  mc_w.l(entry11a.o)
    0x08000198   0x00000004   Code   RO         7207    .ARM.Collect$$$$00002712  mc_w.l(entry2.o)
    0x0800019c   0x000000be   Code   RO         5543    .emb_text           port.o
    0x0800025a   0x00000002   PAD
    0x0800025c   0x00000024   Code   RO            4    .text               startup_stm32f405xx.o
    0x08000280   0x0000002c   Code   RO         6858    .text               mc_w.l(uidiv.o)
    0x080002ac   0x00000062   Code   RO         6860    .text               mc_w.l(uldiv.o)
    0x0800030e   0x0000009c   Code   RO         6862    .text               mc_w.l(qsort.o)
    0x080003aa   0x00000040   Code   RO         6868    .text               mc_w.l(memmovea.o)
    0x080003ea   0x00000024   Code   RO         6872    .text               mc_w.l(memseta.o)
    0x0800040e   0x00000024   Code   RO         6874    .text               mc_w.l(strstr.o)
    0x08000432   0x00000014   Code   RO         6878    .text               mc_w.l(strchr.o)
    0x08000446   0x0000000e   Code   RO         6880    .text               mc_w.l(strlen.o)
    0x08000454   0x0000001c   Code   RO         6882    .text               mc_w.l(strcmp.o)
    0x08000470   0x00000014   Code   RO         6884    .text               mc_w.l(memchr.o)
    0x08000484   0x0000001a   Code   RO         6886    .text               mc_w.l(memcmp.o)
    0x0800049e   0x00000012   Code   RO         6888    .text               mc_w.l(strcpy.o)
    0x080004b0   0x0000001e   Code   RO         6890    .text               mc_w.l(strncmp.o)
    0x080004ce   0x00000002   PAD
    0x080004d0   0x00000038   Code   RO         7194    .text               mc_w.l(__0sscanf.o)
    0x08000508   0x0000014c   Code   RO         7196    .text               mc_w.l(_scanf_int.o)
    0x08000654   0x000000e0   Code   RO         7198    .text               mc_w.l(_scanf_str.o)
    0x08000734   0x00000004   Code   RO         7200    .text               mc_w.l(strtoll.o)
    0x08000738   0x00000028   Code   RO         7202    .text               mf_w.l(dfltl.o)
    0x08000760   0x00000030   Code   RO         7204    .text               mf_w.l(cdcmple.o)
    0x08000790   0x0000001e   Code   RO         7223    .text               mc_w.l(llshl.o)
    0x080007ae   0x00000020   Code   RO         7225    .text               mc_w.l(llushr.o)
    0x080007ce   0x0000001c   Code   RO         7229    .text               mc_w.l(_chval.o)
    0x080007ea   0x00000002   PAD
    0x080007ec   0x00000028   Code   RO         7231    .text               mc_w.l(scanf_char.o)
    0x08000814   0x00000040   Code   RO         7233    .text               mc_w.l(_sgetc.o)
    0x08000854   0x0000009c   Code   RO         7235    .text               mc_w.l(strtod.o)
    0x080008f0   0x00000090   Code   RO         7237    .text               mc_w.l(__strtoll.o)
    0x08000980   0x00000000   Code   RO         7239    .text               mc_w.l(iusefp.o)
    0x08000980   0x000000ba   Code   RO         7241    .text               mf_w.l(depilogue.o)
    0x08000a3a   0x0000014e   Code   RO         7243    .text               mf_w.l(dadd.o)
    0x08000b88   0x000000e4   Code   RO         7245    .text               mf_w.l(dmul.o)
    0x08000c6c   0x000000de   Code   RO         7247    .text               mf_w.l(ddiv.o)
    0x08000d4a   0x00000030   Code   RO         7249    .text               mf_w.l(dfixul.o)
    0x08000d7a   0x00000002   PAD
    0x08000d7c   0x00000030   Code   RO         7251    .text               mf_w.l(cdrcmple.o)
    0x08000dac   0x00000024   Code   RO         7253    .text               mc_w.l(init.o)
    0x08000dd0   0x00000024   Code   RO         7255    .text               mc_w.l(llsshr.o)
    0x08000df4   0x00000008   Code   RO         7259    .text               mc_w.l(ctype_o.o)
    0x08000dfc   0x00000012   Code   RO         7281    .text               mc_w.l(isspace_o.o)
    0x08000e0e   0x00000002   PAD
    0x08000e10   0x0000032c   Code   RO         7287    .text               mc_w.l(_scanf.o)
    0x0800113c   0x00000338   Code   RO         7289    .text               mc_w.l(scanf_fp.o)
    0x08001474   0x000000c2   Code   RO         7293    .text               mc_w.l(_strtoull.o)
    0x08001536   0x00000018   Code   RO         7299    .text               mf_w.l(dfltul.o)
    0x0800154e   0x00000038   Code   RO         7301    .text               mf_w.l(d2f.o)
    0x08001586   0x0000006e   Code   RO         7303    .text               mf_w.l(fepilogue.o)
    0x080015f4   0x00000056   Code   RO         7313    .text               mc_w.l(__dczerorl2.o)
    0x0800164a   0x00000004   Code   RO          982    i.BusFault_Handler  stm32f4xx_it.o
    0x0800164e   0x00000002   PAD
    0x08001650   0x00000010   Code   RO          983    i.DMA1_Stream5_IRQHandler  stm32f4xx_it.o
    0x08001660   0x00000010   Code   RO          984    i.DMA1_Stream6_IRQHandler  stm32f4xx_it.o
    0x08001670   0x00000010   Code   RO          985    i.DMA2_Stream1_IRQHandler  stm32f4xx_it.o
    0x08001680   0x00000010   Code   RO          986    i.DMA2_Stream6_IRQHandler  stm32f4xx_it.o
    0x08001690   0x00000034   Code   RO         2013    i.DMA_CalcBaseAndBitshift  stm32f4xx_hal_dma.o
    0x080016c4   0x000000aa   Code   RO         2014    i.DMA_CheckFifoParam  stm32f4xx_hal_dma.o
    0x0800176e   0x0000002c   Code   RO         2015    i.DMA_SetConfig     stm32f4xx_hal_dma.o
    0x0800179a   0x00000002   Code   RO          987    i.DebugMon_Handler  stm32f4xx_it.o
    0x0800179c   0x00000002   Code   RO          692    i.Error_Handler     main.o
    0x0800179e   0x00000006   Code   RO         1336    i.HAL_AT_Uart_Init  wrapper.o
    0x080017a4   0x00000028   Code   RO         1337    i.HAL_AT_Uart_Recv  wrapper.o
    0x080017cc   0x00000020   Code   RO         1338    i.HAL_AT_Uart_Send  wrapper.o
    0x080017ec   0x00000028   Code   RO         2017    i.HAL_DMA_Abort_IT  stm32f4xx_hal_dma.o
    0x08001814   0x00000240   Code   RO         2021    i.HAL_DMA_IRQHandler  stm32f4xx_hal_dma.o
    0x08001a54   0x000000ec   Code   RO         2022    i.HAL_DMA_Init      stm32f4xx_hal_dma.o
    0x08001b40   0x00000092   Code   RO         2026    i.HAL_DMA_Start_IT  stm32f4xx_hal_dma.o
    0x08001bd2   0x00000002   PAD
    0x08001bd4   0x00000028   Code   RO         2440    i.HAL_Delay         stm32f4xx_hal.o
    0x08001bfc   0x0000000c   Code   RO         1339    i.HAL_Free          wrapper.o
    0x08001c08   0x00000200   Code   RO         1909    i.HAL_GPIO_Init     stm32f4xx_hal_gpio.o
    0x08001e08   0x0000000c   Code   RO         1913    i.HAL_GPIO_WritePin  stm32f4xx_hal_gpio.o
    0x08001e14   0x0000000c   Code   RO         2446    i.HAL_GetTick       stm32f4xx_hal.o
    0x08001e20   0x00000018   Code   RO         2452    i.HAL_IncTick       stm32f4xx_hal.o
    0x08001e38   0x0000003c   Code   RO         2453    i.HAL_Init          stm32f4xx_hal.o
    0x08001e74   0x0000008c   Code   RO         1100    i.HAL_InitTick      stm32f4xx_hal_timebase_tim.o
    0x08001f00   0x0000000c   Code   RO         1345    i.HAL_Malloc        wrapper.o
    0x08001f0c   0x00000054   Code   RO         1076    i.HAL_MspInit       stm32f4xx_hal_msp.o
    0x08001f60   0x00000014   Code   RO         1346    i.HAL_MutexCreate   wrapper.o
    0x08001f74   0x00000014   Code   RO         1347    i.HAL_MutexDestroy  wrapper.o
    0x08001f88   0x0000002c   Code   RO         1348    i.HAL_MutexLock     wrapper.o
    0x08001fb4   0x0000001a   Code   RO         1349    i.HAL_MutexUnlock   wrapper.o
    0x08001fce   0x00000020   Code   RO         2298    i.HAL_NVIC_EnableIRQ  stm32f4xx_hal_cortex.o
    0x08001fee   0x0000007c   Code   RO         2304    i.HAL_NVIC_SetPriority  stm32f4xx_hal_cortex.o
    0x0800206a   0x00000002   PAD
    0x0800206c   0x00000028   Code   RO         2305    i.HAL_NVIC_SetPriorityGrouping  stm32f4xx_hal_cortex.o
    0x08002094   0x00000184   Code   RO         1510    i.HAL_RCC_ClockConfig  stm32f4xx_hal_rcc.o
    0x08002218   0x00000044   Code   RO         1514    i.HAL_RCC_GetClockConfig  stm32f4xx_hal_rcc.o
    0x0800225c   0x0000000c   Code   RO         1515    i.HAL_RCC_GetHCLKFreq  stm32f4xx_hal_rcc.o
    0x08002268   0x00000020   Code   RO         1517    i.HAL_RCC_GetPCLK1Freq  stm32f4xx_hal_rcc.o
    0x08002288   0x00000020   Code   RO         1518    i.HAL_RCC_GetPCLK2Freq  stm32f4xx_hal_rcc.o
    0x080022a8   0x000000b0   Code   RO         1519    i.HAL_RCC_GetSysClockFreq  stm32f4xx_hal_rcc.o
    0x08002358   0x00000488   Code   RO         1522    i.HAL_RCC_OscConfig  stm32f4xx_hal_rcc.o
    0x080027e0   0x0000008c   Code   RO         2702    i.HAL_SPI_Init      stm32f4xx_hal_spi.o
    0x0800286c   0x00000088   Code   RO          881    i.HAL_SPI_MspInit   spi.o
    0x080028f4   0x00000164   Code   RO         2705    i.HAL_SPI_Receive   stm32f4xx_hal_spi.o
    0x08002a58   0x000001a2   Code   RO         2710    i.HAL_SPI_Transmit  stm32f4xx_hal_spi.o
    0x08002bfa   0x0000022a   Code   RO         2711    i.HAL_SPI_TransmitReceive  stm32f4xx_hal_spi.o
    0x08002e24   0x00000018   Code   RO         1351    i.HAL_SemaphoreCreate  wrapper.o
    0x08002e3c   0x00000014   Code   RO         1352    i.HAL_SemaphoreDestroy  wrapper.o
    0x08002e50   0x0000001a   Code   RO         1353    i.HAL_SemaphorePost  wrapper.o
    0x08002e6a   0x0000002c   Code   RO         1354    i.HAL_SemaphoreWait  wrapper.o
    0x08002e96   0x0000000c   Code   RO         1355    i.HAL_SleepMs       wrapper.o
    0x08002ea2   0x00000002   Code   RO         3701    i.HAL_TIMEx_BreakCallback  stm32f4xx_hal_tim_ex.o
    0x08002ea4   0x00000002   Code   RO         3702    i.HAL_TIMEx_CommutCallback  stm32f4xx_hal_tim_ex.o
    0x08002ea6   0x00000034   Code   RO         3015    i.HAL_TIM_Base_Init  stm32f4xx_hal_tim.o
    0x08002eda   0x00000002   Code   RO         3017    i.HAL_TIM_Base_MspInit  stm32f4xx_hal_tim.o
    0x08002edc   0x0000002a   Code   RO         3020    i.HAL_TIM_Base_Start_IT  stm32f4xx_hal_tim.o
    0x08002f06   0x00000002   Code   RO         3044    i.HAL_TIM_IC_CaptureCallback  stm32f4xx_hal_tim.o
    0x08002f08   0x00000196   Code   RO         3058    i.HAL_TIM_IRQHandler  stm32f4xx_hal_tim.o
    0x0800309e   0x00000002   Code   RO         3061    i.HAL_TIM_OC_DelayElapsedCallback  stm32f4xx_hal_tim.o
    0x080030a0   0x00000002   Code   RO         3088    i.HAL_TIM_PWM_PulseFinishedCallback  stm32f4xx_hal_tim.o
    0x080030a2   0x00000002   PAD
    0x080030a4   0x00000018   Code   RO          693    i.HAL_TIM_PeriodElapsedCallback  main.o
    0x080030bc   0x00000002   Code   RO         3101    i.HAL_TIM_TriggerCallback  stm32f4xx_hal_tim.o
    0x080030be   0x00000002   PAD
    0x080030c0   0x000000a4   Code   RO         1357    i.HAL_ThreadCreate  wrapper.o
    0x08003164   0x00000002   Code   RO         3973    i.HAL_UART_ErrorCallback  stm32f4xx_hal_uart.o
    0x08003166   0x00000002   PAD
    0x08003168   0x00000154   Code   RO         3976    i.HAL_UART_IRQHandler  stm32f4xx_hal_uart.o
    0x080032bc   0x00000072   Code   RO         3977    i.HAL_UART_Init     stm32f4xx_hal_uart.o
    0x0800332e   0x00000002   PAD
    0x08003330   0x00000308   Code   RO          923    i.HAL_UART_MspInit  usart.o
    0x08003638   0x000000e0   Code   RO         3980    i.HAL_UART_Receive  stm32f4xx_hal_uart.o
    0x08003718   0x000000c4   Code   RO         3981    i.HAL_UART_Receive_DMA  stm32f4xx_hal_uart.o
    0x080037dc   0x00000034   Code   RO          694    i.HAL_UART_RxCpltCallback  main.o
    0x08003810   0x00000002   Code   RO         3984    i.HAL_UART_RxHalfCpltCallback  stm32f4xx_hal_uart.o
    0x08003812   0x000000d8   Code   RO         3985    i.HAL_UART_Transmit  stm32f4xx_hal_uart.o
    0x080038ea   0x00000002   Code   RO         3988    i.HAL_UART_TxCpltCallback  stm32f4xx_hal_uart.o
    0x080038ec   0x00000004   Code   RO          988    i.HardFault_Handler  stm32f4xx_it.o
    0x080038f0   0x00000014   Code   RO         1173    i.IOT_ATM_Init      at_api.o
    0x08003904   0x00000088   Code   RO          811    i.MX_DMA_Init       dma.o
    0x0800398c   0x00000044   Code   RO          835    i.MX_FREERTOS_Init  freertos.o
    0x080039d0   0x000000d0   Code   RO          787    i.MX_GPIO_Init      gpio.o
    0x08003aa0   0x00000044   Code   RO          882    i.MX_SPI1_Init      spi.o
    0x08003ae4   0x00000038   Code   RO          924    i.MX_USART1_UART_Init  usart.o
    0x08003b1c   0x00000038   Code   RO          925    i.MX_USART2_UART_Init  usart.o
    0x08003b54   0x00000038   Code   RO          926    i.MX_USART3_UART_Init  usart.o
    0x08003b8c   0x00000038   Code   RO          927    i.MX_USART6_UART_Init  usart.o
    0x08003bc4   0x00000004   Code   RO          989    i.MemManage_Handler  stm32f4xx_it.o
    0x08003bc8   0x00000002   Code   RO          990    i.NMI_Handler       stm32f4xx_it.o
    0x08003bca   0x00000002   PAD
    0x08003bcc   0x000000f4   Code   RO           13    i.RunBedAction      smartbed.o
    0x08003cc0   0x00000094   Code   RO         2739    i.SPI_EndRxTransaction  stm32f4xx_hal_spi.o
    0x08003d54   0x0000006c   Code   RO         2740    i.SPI_EndRxTxTransaction  stm32f4xx_hal_spi.o
    0x08003dc0   0x000000a8   Code   RO         2745    i.SPI_WaitFlagStateUntilTimeout  stm32f4xx_hal_spi.o
    0x08003e68   0x00000064   Code   RO           14    i.SaveCurrentPosition  smartbed.o
    0x08003ecc   0x00000034   Code   RO           15    i.SaveDevicePostion  smartbed.o
    0x08003f00   0x00000058   Code   RO           16    i.SetBedAction      smartbed.o
    0x08003f58   0x0000000a   Code   RO          836    i.StartBedTask      freertos.o
    0x08003f62   0x0000000a   Code   RO          837    i.StartReportTask   freertos.o
    0x08003f6c   0x00000028   Code   RO           17    i.StopBedAction     smartbed.o
    0x08003f94   0x00000034   Code   RO         5544    i.SysTick_Handler   port.o
    0x08003fc8   0x000000b4   Code   RO          695    i.SystemClock_Config  main.o
    0x0800407c   0x00000064   Code   RO         1140    i.SystemInit        system_stm32f4xx.o
    0x080040e0   0x00000010   Code   RO          991    i.TIM1_UP_TIM10_IRQHandler  stm32f4xx_it.o
    0x080040f0   0x000000d8   Code   RO         3103    i.TIM_Base_SetConfig  stm32f4xx_hal_tim.o
    0x080041c8   0x00000014   Code   RO         3990    i.UART_DMAAbortOnError  stm32f4xx_hal_uart.o
    0x080041dc   0x00000050   Code   RO         3991    i.UART_DMAError     stm32f4xx_hal_uart.o
    0x0800422c   0x00000046   Code   RO         3992    i.UART_DMAReceiveCplt  stm32f4xx_hal_uart.o
    0x08004272   0x0000000e   Code   RO         3994    i.UART_DMARxHalfCplt  stm32f4xx_hal_uart.o
    0x08004280   0x00000020   Code   RO         4000    i.UART_EndRxTransfer  stm32f4xx_hal_uart.o
    0x080042a0   0x00000020   Code   RO         4001    i.UART_EndTransmit_IT  stm32f4xx_hal_uart.o
    0x080042c0   0x00000014   Code   RO         4002    i.UART_EndTxTransfer  stm32f4xx_hal_uart.o
    0x080042d4   0x000000a6   Code   RO         4003    i.UART_Receive_IT   stm32f4xx_hal_uart.o
    0x0800437a   0x00000002   PAD
    0x0800437c   0x000003e8   Code   RO         4004    i.UART_SetConfig    stm32f4xx_hal_uart.o
    0x08004764   0x00000068   Code   RO         4005    i.UART_Transmit_IT  stm32f4xx_hal_uart.o
    0x080047cc   0x0000006c   Code   RO         4006    i.UART_WaitOnFlagUntilTimeout  stm32f4xx_hal_uart.o
    0x08004838   0x00000010   Code   RO          992    i.USART6_IRQHandler  stm32f4xx_it.o
    0x08004848   0x00000004   Code   RO          993    i.UsageFault_Handler  stm32f4xx_it.o
    0x0800484c   0x00000088   Code   RO          459    i.W25qxx_EraseSector  w25qxx.o
    0x080048d4   0x0000013c   Code   RO          460    i.W25qxx_Init       w25qxx.o
    0x08004a10   0x00000160   Code   RO          463    i.W25qxx_IsEmptySector  w25qxx.o
    0x08004b70   0x00000054   Code   RO          469    i.W25qxx_ReadID     w25qxx.o
    0x08004bc4   0x000000bc   Code   RO          470    i.W25qxx_ReadPage   w25qxx.o
    0x08004c80   0x00000088   Code   RO          471    i.W25qxx_ReadSector  w25qxx.o
    0x08004d08   0x00000070   Code   RO          472    i.W25qxx_ReadStatusRegister  w25qxx.o
    0x08004d78   0x00000050   Code   RO          473    i.W25qxx_ReadUniqID  w25qxx.o
    0x08004dc8   0x00000018   Code   RO          475    i.W25qxx_SectorToPage  w25qxx.o
    0x08004de0   0x00000020   Code   RO          476    i.W25qxx_Spi        w25qxx.o
    0x08004e00   0x00000050   Code   RO          477    i.W25qxx_WaitForWriteEnd  w25qxx.o
    0x08004e50   0x0000002c   Code   RO          481    i.W25qxx_WriteEnable  w25qxx.o
    0x08004e7c   0x000000c4   Code   RO          482    i.W25qxx_WritePage  w25qxx.o
    0x08004f40   0x00000088   Code   RO          483    i.W25qxx_WriteSector  w25qxx.o
    0x08004fc8   0x00000028   Code   RO         7132    i.__0snprintf       mc_w.l(printfa.o)
    0x08004ff0   0x00000028   Code   RO         7133    i.__0sprintf        mc_w.l(printfa.o)
    0x08005018   0x00000024   Code   RO         7136    i.__0vsnprintf      mc_w.l(printfa.o)
    0x0800503c   0x0000001a   Code   RO         5694    i.__ARM_common_switch8  jansson_CM3LE.lib(dump.o)
    0x08005056   0x00000016   Code   RO         6387    i.__ARM_isinf       jansson_CM3LE.lib(value.o)
    0x0800506c   0x00000018   Code   RO         6392    i.__ARM_isnan       jansson_CM3LE.lib(value.o)
    0x08005084   0x00000010   Code   RO         2311    i.__NVIC_GetPriorityGrouping  stm32f4xx_hal_cortex.o
    0x08005094   0x00000028   Code   RO         2312    i.__NVIC_SetPriority  stm32f4xx_hal_cortex.o
    0x080050bc   0x00000008   Code   RO         7187    i.__aeabi_errno_addr  mc_w.l(errno.o)
    0x080050c4   0x0000005c   Code   RO         7163    i.__free$realloc    mc_w.l(mallocr.o)
    0x08005120   0x00000050   Code   RO         7164    i.__malloc$realloc  mc_w.l(mallocr.o)
    0x08005170   0x0000000e   Code   RO         7307    i.__scatterload_copy  mc_w.l(handlers.o)
    0x0800517e   0x00000002   Code   RO         7308    i.__scatterload_null  mc_w.l(handlers.o)
    0x08005180   0x0000000e   Code   RO         7309    i.__scatterload_zeroinit  mc_w.l(handlers.o)
    0x0800518e   0x00000002   PAD
    0x08005190   0x00000164   Code   RO         7138    i._fp_digits        mc_w.l(printfa.o)
    0x080052f4   0x0000000e   Code   RO         7291    i._is_digit         mc_w.l(scanf_fp.o)
    0x08005302   0x00000002   PAD
    0x08005304   0x000006dc   Code   RO         7139    i._printf_core      mc_w.l(printfa.o)
    0x080059e0   0x00000024   Code   RO         7140    i._printf_post_padding  mc_w.l(printfa.o)
    0x08005a04   0x0000002e   Code   RO         7141    i._printf_pre_padding  mc_w.l(printfa.o)
    0x08005a32   0x00000016   Code   RO         7142    i._snputc           mc_w.l(printfa.o)
    0x08005a48   0x0000000a   Code   RO         7143    i._sputc            mc_w.l(printfa.o)
    0x08005a52   0x00000018   Code   RO         6041    i.array_copy        jansson_CM3LE.lib(value.o)
    0x08005a6a   0x00000002   PAD
    0x08005a6c   0x0000001c   Code   RO         1191    i.at_deinit_task_mutex  at_parser.o
    0x08005a88   0x0000001c   Code   RO         1192    i.at_deinit_uart_recv_mutex  at_parser.o
    0x08005aa4   0x0000006c   Code   RO         1193    i.at_getc           at_parser.o
    0x08005b10   0x00000024   Code   RO         1194    i.at_init_task_mutex  at_parser.o
    0x08005b34   0x00000028   Code   RO         1195    i.at_init_uart      at_parser.o
    0x08005b5c   0x00000024   Code   RO         1196    i.at_init_uart_recv_mutex  at_parser.o
    0x08005b80   0x000000f8   Code   RO         1197    i.at_parser_init    at_parser.o
    0x08005c78   0x0000002c   Code   RO         1199    i.at_recvfrom_lower  at_parser.o
    0x08005ca4   0x000000d0   Code   RO         1200    i.at_register_callback  at_parser.o
    0x08005d74   0x00000164   Code   RO         1201    i.at_scan_for_callback  at_parser.o
    0x08005ed8   0x0000009c   Code   RO         1202    i.at_send_no_reply  at_parser.o
    0x08005f74   0x0000015c   Code   RO         1203    i.at_send_wait_reply  at_parser.o
    0x080060d0   0x00000028   Code   RO         1204    i.at_sendto_lower   at_parser.o
    0x080060f8   0x00000034   Code   RO         1205    i.at_set_recv_delimiter  at_parser.o
    0x0800612c   0x00000018   Code   RO         1206    i.at_set_send_delimiter  at_parser.o
    0x08006144   0x0000000c   Code   RO         1207    i.at_set_timeout    at_parser.o
    0x08006150   0x0000001c   Code   RO         1208    i.at_uart_configure  at_parser.o
    0x0800616c   0x0000023c   Code   RO         1209    i.at_worker         at_parser.o
    0x080063a8   0x00000044   Code   RO         1210    i.at_worker_task_add  at_parser.o
    0x080063ec   0x0000005c   Code   RO         1211    i.at_worker_task_del  at_parser.o
    0x08006448   0x0000001c   Code   RO         1212    i.at_worker_uart_send_mutex_deinit  at_parser.o
    0x08006464   0x00000024   Code   RO         1213    i.at_worker_uart_send_mutex_init  at_parser.o
    0x08006488   0x00000074   Code   RO          292    i.attr_report       emw3080.o
    0x080064fc   0x00000030   Code   RO          293    i.attr_report_task  emw3080.o
    0x0800652c   0x00000024   Code   RO           18    i.bed_action_task   smartbed.o
    0x08006550   0x000001a0   Code   RO           19    i.bed_status_dumps  smartbed.o
    0x080066f0   0x00000018   Code   RO          374    i.ble_init          ble.o
    0x08006708   0x000000b4   Code   RO          375    i.ble_receive_dma_callback  ble.o
    0x080067bc   0x00000016   Code   RO         6481    i.bucket_is_empty   jansson_CM3LE.lib(hashtable.o)
    0x080067d2   0x0000001a   Code   RO         5740    i.buffer_get        jansson_CM3LE.lib(load.o)
    0x080067ec   0x0000004c   Code   RO         5742    i.decode_unicode_escape  jansson_CM3LE.lib(load.o)
    0x08006838   0x00000394   Code   RO         5632    i.do_dump           jansson_CM3LE.lib(dump.o)
    0x08006bcc   0x00000060   Code   RO         5633    i.dump_indent       jansson_CM3LE.lib(dump.o)
    0x08006c2c   0x0000014c   Code   RO         5634    i.dump_string       jansson_CM3LE.lib(dump.o)
    0x08006d78   0x00000010   Code   RO         5636    i.dump_to_strbuffer  jansson_CM3LE.lib(dump.o)
    0x08006d88   0x00000064   Code   RO          294    i.emw3080_init      emw3080.o
    0x08006dec   0x000000c0   Code   RO         5743    i.error_set         jansson_CM3LE.lib(load.o)
    0x08006eac   0x00000038   Code   RO          295    i.event_cb          emw3080.o
    0x08006ee4   0x00000170   Code   RO          296    i.func_cb           emw3080.o
    0x08007054   0x00000144   Code   RO         6482    i.hashlittle        jansson_CM3LE.lib(hashtable.o)
    0x08007198   0x00000010   Code   RO         6484    i.hashtable_close   jansson_CM3LE.lib(hashtable.o)
    0x080071a8   0x00000022   Code   RO         6486    i.hashtable_do_clear  jansson_CM3LE.lib(hashtable.o)
    0x080071ca   0x00000076   Code   RO         6488    i.hashtable_do_rehash  jansson_CM3LE.lib(hashtable.o)
    0x08007240   0x0000003c   Code   RO         6489    i.hashtable_find_pair  jansson_CM3LE.lib(hashtable.o)
    0x0800727c   0x00000040   Code   RO         6490    i.hashtable_get     jansson_CM3LE.lib(hashtable.o)
    0x080072bc   0x00000048   Code   RO         6491    i.hashtable_init    jansson_CM3LE.lib(hashtable.o)
    0x08007304   0x0000000c   Code   RO         6492    i.hashtable_iter    jansson_CM3LE.lib(hashtable.o)
    0x08007310   0x00000004   Code   RO         6494    i.hashtable_iter_key  jansson_CM3LE.lib(hashtable.o)
    0x08007314   0x0000000e   Code   RO         6495    i.hashtable_iter_next  jansson_CM3LE.lib(hashtable.o)
    0x08007322   0x00000004   Code   RO         6496    i.hashtable_iter_serial  jansson_CM3LE.lib(hashtable.o)
    0x08007326   0x00000004   Code   RO         6498    i.hashtable_iter_value  jansson_CM3LE.lib(hashtable.o)
    0x0800732a   0x00000002   PAD
    0x0800732c   0x000000ac   Code   RO         6499    i.hashtable_set     jansson_CM3LE.lib(hashtable.o)
    0x080073d8   0x0000002a   Code   RO         6500    i.insert_to_bucket  jansson_CM3LE.lib(hashtable.o)
    0x08007402   0x00000002   PAD
    0x08007404   0x00000050   Code   RO         7165    i.internal_alloc    mc_w.l(mallocr.o)
    0x08007454   0x00000036   Code   RO         6043    i.json_array        jansson_CM3LE.lib(value.o)
    0x0800748a   0x00000002   PAD
    0x0800748c   0x00000048   Code   RO         6044    i.json_array_append_new  jansson_CM3LE.lib(value.o)
    0x080074d4   0x0000001c   Code   RO         6047    i.json_array_get    jansson_CM3LE.lib(value.o)
    0x080074f0   0x0000004c   Code   RO         6048    i.json_array_grow   jansson_CM3LE.lib(value.o)
    0x0800753c   0x00000012   Code   RO         6052    i.json_array_size   jansson_CM3LE.lib(value.o)
    0x0800754e   0x00000018   Code   RO         5744    i.json_decref       jansson_CM3LE.lib(load.o)
    0x08007566   0x00000018   Code   RO         6054    i.json_decref       jansson_CM3LE.lib(value.o)
    0x0800757e   0x00000018   Code   RO         6501    i.json_decref       jansson_CM3LE.lib(hashtable.o)
    0x08007596   0x00000054   Code   RO         6056    i.json_delete       jansson_CM3LE.lib(value.o)
    0x080075ea   0x0000002a   Code   RO         5637    i.json_dump_callback  jansson_CM3LE.lib(dump.o)
    0x08007614   0x00000044   Code   RO         5640    i.json_dumps        jansson_CM3LE.lib(dump.o)
    0x08007658   0x00000008   Code   RO         6058    i.json_false        jansson_CM3LE.lib(value.o)
    0x08007660   0x00000010   Code   RO         5745    i.json_incref       jansson_CM3LE.lib(load.o)
    0x08007670   0x00000010   Code   RO         5907    i.json_incref       jansson_CM3LE.lib(pack_unpack.o)
    0x08007680   0x0000001c   Code   RO         6060    i.json_integer      jansson_CM3LE.lib(value.o)
    0x0800769c   0x00000018   Code   RO         6062    i.json_integer_value  jansson_CM3LE.lib(value.o)
    0x080076b4   0x00000078   Code   RO         5748    i.json_loadb        jansson_CM3LE.lib(load.o)
    0x0800772c   0x00000008   Code   RO         6063    i.json_null         jansson_CM3LE.lib(value.o)
    0x08007734   0x00000026   Code   RO         6064    i.json_number_value  jansson_CM3LE.lib(value.o)
    0x0800775a   0x00000002   PAD
    0x0800775c   0x0000004c   Code   RO         6065    i.json_object       jansson_CM3LE.lib(value.o)
    0x080077a8   0x0000001c   Code   RO         6070    i.json_object_get   jansson_CM3LE.lib(value.o)
    0x080077c4   0x00000018   Code   RO         6071    i.json_object_iter  jansson_CM3LE.lib(value.o)
    0x080077dc   0x0000000c   Code   RO         6073    i.json_object_iter_key  jansson_CM3LE.lib(value.o)
    0x080077e8   0x0000001c   Code   RO         6074    i.json_object_iter_next  jansson_CM3LE.lib(value.o)
    0x08007804   0x0000000c   Code   RO         6076    i.json_object_iter_value  jansson_CM3LE.lib(value.o)
    0x08007810   0x00000008   Code   RO         6077    i.json_object_key_to_iter  jansson_CM3LE.lib(value.o)
    0x08007818   0x00000028   Code   RO         6808    i.json_object_seed  jansson_CM3LE.lib(hashtable_seed.o)
    0x08007840   0x00000034   Code   RO         6078    i.json_object_set_new  jansson_CM3LE.lib(value.o)
    0x08007874   0x00000040   Code   RO         6079    i.json_object_set_new_nocheck  jansson_CM3LE.lib(value.o)
    0x080078b4   0x00000012   Code   RO         6081    i.json_object_size  jansson_CM3LE.lib(value.o)
    0x080078c6   0x00000034   Code   RO         6085    i.json_real         jansson_CM3LE.lib(value.o)
    0x080078fa   0x00000018   Code   RO         6087    i.json_real_value   jansson_CM3LE.lib(value.o)
    0x08007912   0x00000012   Code   RO         6090    i.json_string_length  jansson_CM3LE.lib(value.o)
    0x08007924   0x00000012   Code   RO         6096    i.json_string_value  jansson_CM3LE.lib(value.o)
    0x08007936   0x00000002   PAD
    0x08007938   0x00000008   Code   RO         6099    i.json_true         jansson_CM3LE.lib(value.o)
    0x08007940   0x0000001a   Code   RO         5910    i.json_unpack       jansson_CM3LE.lib(pack_unpack.o)
    0x0800795a   0x00000002   PAD
    0x0800795c   0x000000f0   Code   RO         5913    i.json_vunpack_ex   jansson_CM3LE.lib(pack_unpack.o)
    0x08007a4c   0x000000a0   Code   RO         6744    i.jsonp_dtostr      jansson_CM3LE.lib(strconv.o)
    0x08007aec   0x00000022   Code   RO         6436    i.jsonp_error_init  jansson_CM3LE.lib(error.o)
    0x08007b0e   0x00000010   Code   RO         6437    i.jsonp_error_set   jansson_CM3LE.lib(error.o)
    0x08007b1e   0x00000002   PAD
    0x08007b20   0x0000003c   Code   RO         6438    i.jsonp_error_set_source  jansson_CM3LE.lib(error.o)
    0x08007b5c   0x0000002c   Code   RO         6439    i.jsonp_error_vset  jansson_CM3LE.lib(error.o)
    0x08007b88   0x00000010   Code   RO         6639    i.jsonp_free        jansson_CM3LE.lib(memory.o)
    0x08007b98   0x00000010   Code   RO         6640    i.jsonp_malloc      jansson_CM3LE.lib(memory.o)
    0x08007ba8   0x00000012   Code   RO         6641    i.jsonp_strdup      jansson_CM3LE.lib(memory.o)
    0x08007bba   0x0000000a   Code   RO         6100    i.jsonp_stringn_nocheck_own  jansson_CM3LE.lib(value.o)
    0x08007bc4   0x00000024   Code   RO         6642    i.jsonp_strndup     jansson_CM3LE.lib(memory.o)
    0x08007be8   0x00000064   Code   RO         6745    i.jsonp_strtod      jansson_CM3LE.lib(strconv.o)
    0x08007c4c   0x00000018   Code   RO          657    i.ld3320_init       ld3320.o
    0x08007c64   0x000000b4   Code   RO          658    i.ld3320_receive_dma_callback  ld3320.o
    0x08007d18   0x0000001c   Code   RO         5751    i.lex_close         jansson_CM3LE.lib(load.o)
    0x08007d34   0x00000012   Code   RO         5752    i.lex_free_string   jansson_CM3LE.lib(load.o)
    0x08007d46   0x00000008   Code   RO         5753    i.lex_get           jansson_CM3LE.lib(load.o)
    0x08007d4e   0x0000001e   Code   RO         5754    i.lex_get_save      jansson_CM3LE.lib(load.o)
    0x08007d6c   0x00000030   Code   RO         5755    i.lex_init          jansson_CM3LE.lib(load.o)
    0x08007d9c   0x0000000c   Code   RO         5756    i.lex_save          jansson_CM3LE.lib(load.o)
    0x08007da8   0x00000138   Code   RO         5757    i.lex_scan          jansson_CM3LE.lib(load.o)
    0x08007ee0   0x0000018c   Code   RO         5758    i.lex_scan_number   jansson_CM3LE.lib(load.o)
    0x0800806c   0x00000288   Code   RO         5759    i.lex_scan_string   jansson_CM3LE.lib(load.o)
    0x080082f4   0x00000026   Code   RO         5760    i.lex_unget_unsave  jansson_CM3LE.lib(load.o)
    0x0800831a   0x0000000e   Code   RO         6502    i.list_insert       jansson_CM3LE.lib(hashtable.o)
    0x08008328   0x00000050   Code   RO          696    i.main              main.o
    0x08008378   0x0000000e   Code   RO         5103    i.makeFreeRtosPriority  cmsis_os.o
    0x08008386   0x00000080   Code   RO         5914    i.next_token        jansson_CM3LE.lib(pack_unpack.o)
    0x08008406   0x0000000c   Code   RO         5641    i.object_key_compare_keys  jansson_CM3LE.lib(dump.o)
    0x08008412   0x0000001a   Code   RO         5642    i.object_key_compare_serials  jansson_CM3LE.lib(dump.o)
    0x0800842c   0x00000018   Code   RO         5105    i.osDelay           cmsis_os.o
    0x08008444   0x0000000a   Code   RO         5108    i.osKernelStart     cmsis_os.o
    0x0800844e   0x00000030   Code   RO         5142    i.osThreadCreate    cmsis_os.o
    0x0800847e   0x00000002   PAD
    0x08008480   0x00000094   Code   RO         5761    i.parse_array       jansson_CM3LE.lib(load.o)
    0x08008514   0x00000094   Code   RO         5762    i.parse_json        jansson_CM3LE.lib(load.o)
    0x080085a8   0x00000180   Code   RO         5763    i.parse_object      jansson_CM3LE.lib(load.o)
    0x08008728   0x00000140   Code   RO         5764    i.parse_value       jansson_CM3LE.lib(load.o)
    0x08008868   0x00000014   Code   RO         5918    i.prev_token        jansson_CM3LE.lib(pack_unpack.o)
    0x0800887c   0x000000a4   Code   RO         4753    i.prvAddCurrentTaskToDelayedList  tasks.o
    0x08008920   0x000000b4   Code   RO         4754    i.prvAddNewTaskToReadyList  tasks.o
    0x080089d4   0x00000048   Code   RO         4755    i.prvCheckTasksWaitingTermination  tasks.o
    0x08008a1c   0x0000007e   Code   RO         4419    i.prvCopyDataToQueue  queue.o
    0x08008a9a   0x00000012   Code   RO         4756    i.prvDeleteTCB      tasks.o
    0x08008aac   0x00000014   Code   RO         4420    i.prvGetDisinheritPriorityAfterTimeout  queue.o
    0x08008ac0   0x0000007c   Code   RO         5482    i.prvHeapInit       heap_4.o
    0x08008b3c   0x00000028   Code   RO         4757    i.prvIdleTask       tasks.o
    0x08008b64   0x0000001e   Code   RO         4421    i.prvInitialiseMutex  queue.o
    0x08008b82   0x00000026   Code   RO         4422    i.prvInitialiseNewQueue  queue.o
    0x08008ba8   0x000000c2   Code   RO         4758    i.prvInitialiseNewTask  tasks.o
    0x08008c6a   0x00000002   PAD
    0x08008c6c   0x00000068   Code   RO         4759    i.prvInitialiseTaskLists  tasks.o
    0x08008cd4   0x00000068   Code   RO         5483    i.prvInsertBlockIntoFreeList  heap_4.o
    0x08008d3c   0x0000001a   Code   RO         4423    i.prvIsQueueEmpty   queue.o
    0x08008d56   0x0000001e   Code   RO         4424    i.prvIsQueueFull    queue.o
    0x08008d74   0x00000034   Code   RO         4760    i.prvResetNextTaskUnblockTime  tasks.o
    0x08008da8   0x00000040   Code   RO         5545    i.prvTaskExitError  port.o
    0x08008de8   0x0000007e   Code   RO         4425    i.prvUnlockQueue    queue.o
    0x08008e66   0x00000002   PAD
    0x08008e68   0x0000013c   Code   RO         5484    i.pvPortMalloc      heap_4.o
    0x08008fa4   0x00000020   Code   RO         4764    i.pvTaskIncrementMutexHeldCount  tasks.o
    0x08008fc4   0x0000002c   Code   RO         5546    i.pxPortInitialiseStack  port.o
    0x08008ff0   0x00000014   Code   RO           20    i.read_status       smartbed.o
    0x08009004   0x0000006c   Code   RO         7166    i.realloc           mc_w.l(mallocr.o)
    0x08009070   0x0000002c   Code   RO         5920    i.scanner_init      jansson_CM3LE.lib(pack_unpack.o)
    0x0800909c   0x00000006   Code   RO         5620    i.seed_from_timestamp_and_pid  jansson_config.o
    0x080090a2   0x00000002   PAD
    0x080090a4   0x00000344   Code   RO           21    i.set_bed_action    smartbed.o
    0x080093e8   0x0000002c   Code   RO         5921    i.set_error         jansson_CM3LE.lib(pack_unpack.o)
    0x08009414   0x00000198   Code   RO           22    i.smartbed_init     smartbed.o
    0x080095ac   0x0000000c   Code   RO         6685    i.strbuffer_append_byte  jansson_CM3LE.lib(strbuffer.o)
    0x080095b8   0x00000070   Code   RO         6686    i.strbuffer_append_bytes  jansson_CM3LE.lib(strbuffer.o)
    0x08009628   0x0000000a   Code   RO         6687    i.strbuffer_clear   jansson_CM3LE.lib(strbuffer.o)
    0x08009632   0x00000018   Code   RO         6688    i.strbuffer_close   jansson_CM3LE.lib(strbuffer.o)
    0x0800964a   0x00000022   Code   RO         6689    i.strbuffer_init    jansson_CM3LE.lib(strbuffer.o)
    0x0800966c   0x00000018   Code   RO         6690    i.strbuffer_pop     jansson_CM3LE.lib(strbuffer.o)
    0x08009684   0x00000004   Code   RO         6692    i.strbuffer_value   jansson_CM3LE.lib(strbuffer.o)
    0x08009688   0x000000e4   Code   RO         5765    i.stream_get        jansson_CM3LE.lib(load.o)
    0x0800976c   0x0000004a   Code   RO         5766    i.stream_unget      jansson_CM3LE.lib(load.o)
    0x080097b6   0x0000003e   Code   RO         6101    i.string_create     jansson_CM3LE.lib(value.o)
    0x080097f4   0x000000a8   Code   RO          431    i.strreplace        str.o
    0x0800989c   0x00000004   PAD
    0x080098a0   0x00000030   Code   RO         6828    i.strtod            m_wm.l(strtod.o)
    0x080098d0   0x00000042   Code   RO          432    i.substr            str.o
    0x08009912   0x00000002   PAD
    0x08009914   0x00000334   Code   RO         5922    i.unpack            jansson_CM3LE.lib(pack_unpack.o)
    0x08009c48   0x000001dc   Code   RO         5923    i.unpack_array      jansson_CM3LE.lib(pack_unpack.o)
    0x08009e24   0x000002a8   Code   RO         5924    i.unpack_object     jansson_CM3LE.lib(pack_unpack.o)
    0x0800a0cc   0x0000003c   Code   RO         6772    i.utf8_check_first  jansson_CM3LE.lib(utf.o)
    0x0800a108   0x00000088   Code   RO         6773    i.utf8_check_full   jansson_CM3LE.lib(utf.o)
    0x0800a190   0x0000003e   Code   RO         6774    i.utf8_check_string  jansson_CM3LE.lib(utf.o)
    0x0800a1ce   0x00000002   PAD
    0x0800a1d0   0x0000007c   Code   RO         6775    i.utf8_encode       jansson_CM3LE.lib(utf.o)
    0x0800a24c   0x00000040   Code   RO         6776    i.utf8_iterate      jansson_CM3LE.lib(utf.o)
    0x0800a28c   0x00000028   Code   RO         4378    i.uxListRemove      list.o
    0x0800a2b4   0x0000001a   Code   RO         4379    i.vListInitialise   list.o
    0x0800a2ce   0x00000006   Code   RO         4380    i.vListInitialiseItem  list.o
    0x0800a2d4   0x00000034   Code   RO         4381    i.vListInsert       list.o
    0x0800a308   0x00000018   Code   RO         4382    i.vListInsertEnd    list.o
    0x0800a320   0x00000054   Code   RO         5548    i.vPortEnterCritical  port.o
    0x0800a374   0x0000003c   Code   RO         5549    i.vPortExitCritical  port.o
    0x0800a3b0   0x00000094   Code   RO         5485    i.vPortFree         heap_4.o
    0x0800a444   0x00000028   Code   RO         5550    i.vPortSetupTimerInterrupt  port.o
    0x0800a46c   0x0000002c   Code   RO         4430    i.vQueueDelete      queue.o
    0x0800a498   0x00000030   Code   RO         4431    i.vQueueUnregisterQueue  queue.o
    0x0800a4c8   0x0000005c   Code   RO         4771    i.vTaskDelay        tasks.o
    0x0800a524   0x000000d4   Code   RO         4772    i.vTaskDelayUntil   tasks.o
    0x0800a5f8   0x00000018   Code   RO         4775    i.vTaskInternalSetTimeOutState  tasks.o
    0x0800a610   0x0000000c   Code   RO         4776    i.vTaskMissedYield  tasks.o
    0x0800a61c   0x00000038   Code   RO         4778    i.vTaskPlaceOnEventList  tasks.o
    0x0800a654   0x000000f4   Code   RO         4780    i.vTaskPriorityDisinheritAfterTimeout  tasks.o
    0x0800a748   0x00000088   Code   RO         4785    i.vTaskStartScheduler  tasks.o
    0x0800a7d0   0x00000010   Code   RO         4787    i.vTaskSuspendAll   tasks.o
    0x0800a7e0   0x0000008c   Code   RO         4788    i.vTaskSwitchContext  tasks.o
    0x0800a86c   0x00000168   Code   RO         5552    i.xPortStartScheduler  port.o
    0x0800a9d4   0x0000005c   Code   RO         4432    i.xQueueCreateCountingSemaphore  queue.o
    0x0800aa30   0x00000022   Code   RO         4433    i.xQueueCreateMutex  queue.o
    0x0800aa52   0x0000005a   Code   RO         4434    i.xQueueGenericCreate  queue.o
    0x0800aaac   0x00000098   Code   RO         4435    i.xQueueGenericReset  queue.o
    0x0800ab44   0x000001a8   Code   RO         4436    i.xQueueGenericSend  queue.o
    0x0800acec   0x000001b8   Code   RO         4447    i.xQueueSemaphoreTake  queue.o
    0x0800aea4   0x000000a8   Code   RO         4790    i.xTaskCheckForTimeOut  tasks.o
    0x0800af4c   0x00000060   Code   RO         4791    i.xTaskCreate       tasks.o
    0x0800afac   0x00000020   Code   RO         4796    i.xTaskGetSchedulerState  tasks.o
    0x0800afcc   0x0000000c   Code   RO         4797    i.xTaskGetTickCount  tasks.o
    0x0800afd8   0x00000148   Code   RO         4799    i.xTaskIncrementTick  tasks.o
    0x0800b120   0x000000c8   Code   RO         4802    i.xTaskPriorityDisinherit  tasks.o
    0x0800b1e8   0x000000c8   Code   RO         4803    i.xTaskPriorityInherit  tasks.o
    0x0800b2b0   0x00000098   Code   RO         4804    i.xTaskRemoveFromEventList  tasks.o
    0x0800b348   0x00000104   Code   RO         4805    i.xTaskResumeAll    tasks.o
    0x0800b44c   0x00000028   Data   RO          838    .constdata          freertos.o
    0x0800b474   0x00000018   Data   RO         1141    .constdata          system_stm32f4xx.o
    0x0800b48c   0x00000008   Data   RO         2028    .constdata          stm32f4xx_hal_dma.o
    0x0800b494   0x00000021   Data   RO         5643    .constdata          jansson_CM3LE.lib(dump.o)
    0x0800b4b5   0x00000003   PAD
    0x0800b4b8   0x0000002c   Data   RO         5925    .constdata          jansson_CM3LE.lib(pack_unpack.o)
    0x0800b4e4   0x00000081   Data   RO         7260    .constdata          mc_w.l(ctype_o.o)
    0x0800b565   0x00000003   PAD
    0x0800b568   0x00000004   Data   RO         7261    .constdata          mc_w.l(ctype_o.o)
    0x0800b56c   0x00000061   Data   RO          298    .conststring        emw3080.o
    0x0800b5cd   0x00000003   PAD
    0x0800b5d0   0x00000013   Data   RO          839    .conststring        freertos.o
    0x0800b5e3   0x00000001   PAD
    0x0800b5e4   0x0000003e   Data   RO         5926    .conststring        jansson_CM3LE.lib(pack_unpack.o)
    0x0800b622   0x00000002   PAD
    0x0800b624   0x00000020   Data   RO         7305    Region$$Table       anon$$obj.o


    Execution Region RW_IRAM1 (Base: 0x20000000, Size: 0x00006200, Max: 0x00020000, ABSOLUTE, COMPRESSED[0x00000054])

    Base Addr    Size         Type   Attr      Idx    E Section Name        Object

    0x20000000   0x0000006c   Data   RW           24    .data               smartbed.o
    0x2000006c   0x00000030   Data   RW          299    .data               emw3080.o
    0x2000009c   0x0000002c   Data   RW          840    .data               freertos.o
    0x200000c8   0x00000004   Data   RW         1142    .data               system_stm32f4xx.o
    0x200000cc   0x00000001   Data   RW         1215    .data               at_parser.o
    0x200000cd   0x00000003   PAD
    0x200000d0   0x00000009   Data   RW         2460    .data               stm32f4xx_hal.o
    0x200000d9   0x00000003   PAD
    0x200000dc   0x0000003c   Data   RW         4808    .data               tasks.o
    0x20000118   0x00000018   Data   RW         5490    .data               heap_4.o
    0x20000130   0x0000000c   Data   RW         5553    .data               port.o
    0x2000013c   0x00000018   Data   RW         6102    .data               jansson_CM3LE.lib(value.o)
    0x20000154   0x00000008   Data   RW         6643    .data               jansson_CM3LE.lib(memory.o)
    0x2000015c   0x00000004   Data   RW         6809    .data               jansson_CM3LE.lib(hashtable_seed.o)
    0x20000160   0x00000004   Data   RW         7190    .data               mc_w.l(errno.o)
    0x20000164   0x00000004   Data   RW         7227    .data               mc_w.l(mvars.o)
    0x20000168   0x00000004   Data   RW         7228    .data               mc_w.l(mvars.o)
    0x2000016c   0x00000094   Zero   RW           23    .bss                smartbed.o
    0x20000200   0x0000043c   Zero   RW          297    .bss                emw3080.o
    0x2000063c   0x0000003c   Zero   RW          377    .bss                ble.o
    0x20000678   0x00000028   Zero   RW          485    .bss                w25qxx.o
    0x200006a0   0x0000003c   Zero   RW          659    .bss                ld3320.o
    0x200006dc   0x00000058   Zero   RW          883    .bss                spi.o
    0x20000734   0x00000280   Zero   RW          928    .bss                usart.o
    0x200009b4   0x00000040   Zero   RW         1103    .bss                stm32f4xx_hal_timebase_tim.o
    0x200009f4   0x000002dc   Zero   RW         1214    .bss                at_parser.o
    0x20000cd0   0x00000040   Zero   RW         4448    .bss                queue.o
    0x20000d10   0x000000f0   Zero   RW         4807    .bss                tasks.o
    0x20000e00   0x00003c00   Zero   RW         5489    .bss                heap_4.o
    0x20004a00   0x00000800   Zero   RW            2    HEAP                startup_stm32f405xx.o
    0x20005200   0x00001000   Zero   RW            1    STACK               startup_stm32f405xx.o


==============================================================================

Image component sizes


      Code (inc. data)   RO Data    RW Data    ZI Data      Debug   Object Name

        20          0          0          0          0        539   at_api.o
      2588        168          0          1        732      23384   at_parser.o
       204         38          0          0         60       1746   ble.o
        96          0          0          0          0      12755   cmsis_os.o
       136          6          0          0          0        782   dma.o
       688        254         97         48       1084       5153   emw3080.o
         0          0          0          0          0       9744   event_groups.o
        88         14         59         44          0       2457   freertos.o
       208         10          0          0          0        943   gpio.o
       692         62          0         24      15360       7255   heap_4.o
         6          0          0          0          0        898   jansson_config.o
       204         38          0          0         60       1784   ld3320.o
       148          0          0          0          0       3506   list.o
       338         26          0          0          0       4314   main.o
       894         78          0         12          0      11008   port.o
      1720         20          0          0         64      17273   queue.o
      2240        354          0        108        148     680664   smartbed.o
       204         24          0          0         88       1581   spi.o
        36          8        392          0       6144        824   startup_stm32f405xx.o
       136         24          0          9          0       8638   stm32f4xx_hal.o
       252         22          0          0          0      33622   stm32f4xx_hal_cortex.o
      1264         16          8          0          0       6106   stm32f4xx_hal_dma.o
       524         46          0          0          0       2272   stm32f4xx_hal_gpio.o
        84          6          0          0          0        810   stm32f4xx_hal_msp.o
      1868         94          0          0          0       6177   stm32f4xx_hal_rcc.o
      1892          8          0          0          0       7654   stm32f4xx_hal_spi.o
       726         46          0          0          0       6206   stm32f4xx_hal_tim.o
         4          0          0          0          0       1533   stm32f4xx_hal_tim_ex.o
       140         18          0          0         64       1407   stm32f4xx_hal_timebase_tim.o
      2742         26          0          0          0      13937   stm32f4xx_hal_uart.o
       116         36          0          0          0       5580   stm32f4xx_it.o
       234          0          0          0          0       3018   str.o
       100         18         24          4          0       1119   system_stm32f4xx.o
      3236        396          0         60        240      28303   tasks.o
      1000         98          0          0        640       3905   usart.o
      1916        122          0          0         40      11722   w25qxx.o
       502         26          0          0          0      12262   wrapper.o

    ----------------------------------------------------------------------
     27280       2102        616        316      24724     940881   Object Totals
         0          0         32          0          0          0   (incl. Generated)
        34          0          4          6          0          0   (incl. Padding)

    ----------------------------------------------------------------------

      Code (inc. data)   RO Data    RW Data    ZI Data      Debug   Library Member Name

      1534        162         33          0          0      17721   dump.o
       154          4          0          0          0       6085   error.o
      1000         32          0          0          0      17697   hashtable.o
        40          6          0          4          0       1280   hashtable_seed.o
      3294        680          0          0          0      19577   load.o
        86          8          0          8          0       6121   memory.o
      2494        890        106          0          0      12848   pack_unpack.o
       220          4          0          0          0       4432   strbuffer.o
       260         20          0          0          0       1934   strconv.o
       446         14          0          0          0       3830   utf.o
      1046         32          0         24          0      26417   value.o
        48         14          0          0          0        128   strtod.o
        56          8          0          0          0         84   __0sscanf.o
        86          0          0          0          0          0   __dczerorl2.o
       144          0          0          0          0         88   __strtoll.o
        28          0          0          0          0         68   _chval.o
       812          4          0          0          0        112   _scanf.o
       332          0          0          0          0         96   _scanf_int.o
       224          0          0          0          0         96   _scanf_str.o
        64          0          0          0          0         84   _sgetc.o
       194          0          0          0          0         96   _strtoull.o
         8          4        133          0          0         68   ctype_o.o
         0          0          0          0          0          0   entry.o
         0          0          0          0          0          0   entry10a.o
         0          0          0          0          0          0   entry11a.o
         8          4          0          0          0          0   entry2.o
         4          0          0          0          0          0   entry5.o
         0          0          0          0          0          0   entry7b.o
         0          0          0          0          0          0   entry8b.o
         8          4          0          0          0          0   entry9a.o
         8          4          0          4          0         68   errno.o
        30          0          0          0          0          0   handlers.o
        36          8          0          0          0         68   init.o
        18          0          0          0          0         76   isspace_o.o
         0          0          0          0          0          0   iusefp.o
        30          0          0          0          0         68   llshl.o
        36          0          0          0          0         68   llsshr.o
        32          0          0          0          0         68   llushr.o
       360         30          0          0          0        356   mallocr.o
        20          0          0          0          0         68   memchr.o
        26          0          0          0          0         80   memcmp.o
        64          0          0          0          0         76   memmovea.o
        36          0          0          0          0        108   memseta.o
         0          0          0          8          0          0   mvars.o
      2342         94          0          0          0        744   printfa.o
       156          0          0          0          0         88   qsort.o
        40          8          0          0          0         84   scanf_char.o
       838         12          0          0          0        216   scanf_fp.o
        20          0          0          0          0         68   strchr.o
        28          0          0          0          0         76   strcmp.o
        18          0          0          0          0         68   strcpy.o
        14          0          0          0          0         68   strlen.o
        30          0          0          0          0         80   strncmp.o
        36          0          0          0          0         80   strstr.o
       156         14          0          0          0        120   strtod.o
         4          0          0          0          0         68   strtoll.o
        44          0          0          0          0         80   uidiv.o
        98          0          0          0          0         92   uldiv.o
        48          0          0          0          0         68   cdcmple.o
        48          0          0          0          0         68   cdrcmple.o
        56          0          0          0          0         88   d2f.o
       334          0          0          0          0        148   dadd.o
       222          0          0          0          0        100   ddiv.o
       186          0          0          0          0        176   depilogue.o
        48          0          0          0          0         68   dfixul.o
        40          0          0          0          0         80   dfltl.o
        24          0          0          0          0         76   dfltul.o
       228          0          0          0          0         96   dmul.o
       110          0          0          0          0        168   fepilogue.o

    ----------------------------------------------------------------------
     18484       2060        280         48          0     123034   Library Totals
        30          0          8          0          0          0   (incl. Padding)

    ----------------------------------------------------------------------

      Code (inc. data)   RO Data    RW Data    ZI Data      Debug   Library Name

     10574       1852        139         36          0     117942   jansson_CM3LE.lib
        48         14          0          0          0        128   m_wm.l
      6488        194        133         12          0       3828   mc_w.l
      1344          0          0          0          0       1136   mf_w.l

    ----------------------------------------------------------------------
     18484       2060        280         48          0     123034   Library Totals

    ----------------------------------------------------------------------

==============================================================================


      Code (inc. data)   RO Data    RW Data    ZI Data      Debug   

     45764       4162        896        364      24724    1034135   Grand Totals
     45764       4162        896         84      24724    1034135   ELF Image Totals (compressed)
     45764       4162        896         84          0          0   ROM Totals

==============================================================================

    Total RO  Size (Code + RO Data)                46660 (  45.57kB)
    Total RW  Size (RW Data + ZI Data)             25088 (  24.50kB)
    Total ROM Size (Code + RO Data + RW Data)      46744 (  45.65kB)

==============================================================================

